../src/hardware/Serial.c:27:6:UART_IRQHandler	8	static
../src/hardware/Serial.c:36:6:iniciaSerial	16	static
../src/hardware/Serial.c:59:6:desligaSerial	8	static
../src/hardware/Serial.c:65:9:dadoRecebido	16	static
../src/hardware/Serial.c:75:6:enviaDado	16	static
../src/hardware/Serial.c:82:6:serialLigaLED	8	static
../src/hardware/Serial.c:115:6:serial_enviaString	8	static
../src/hardware/Serial.c:122:6:serial_enviaInteiro	40	static
../src/hardware/Serial.c:147:6:serial_enviaInt2Dig	8	static
../src/hardware/Serial.c:154:6:serial_enviaInt4Dig	8	static
../src/hardware/Serial.c:163:6:processaComandoSerial	64	static
