Archive member included to satisfy reference by file (symbol)

C:\Users\bruno\Documents\LPC11U14\nxp_lpcxpresso_11u14_board_lib\Debug\libnxp_lpcxpresso_11u14_board_lib.a(board_sysinit.o)
                              ./src/sysinit.o (Board_SystemInit)
C:\Users\bruno\Documents\LPC11U14\lpc_chip_11uxx_lib\Debug\liblpc_chip_11uxx_lib.a(adc_11xx.o)
                              ./src/hardware/ADC.o (Chip_ADC_Init)
C:\Users\bruno\Documents\LPC11U14\lpc_chip_11uxx_lib\Debug\liblpc_chip_11uxx_lib.a(chip_11xx.o)
                              ./src/programa.o (SystemCoreClock)
C:\Users\bruno\Documents\LPC11U14\lpc_chip_11uxx_lib\Debug\liblpc_chip_11uxx_lib.a(clock_11xx.o)
                              ./src/programa.o (Chip_Clock_SetSystemPLLSource)
C:\Users\bruno\Documents\LPC11U14\lpc_chip_11uxx_lib\Debug\liblpc_chip_11uxx_lib.a(gpio_11xx_1.o)
                              ./src/hardware/LED.o (Chip_GPIO_SetPinDIR)
C:\Users\bruno\Documents\LPC11U14\lpc_chip_11uxx_lib\Debug\liblpc_chip_11uxx_lib.a(iocon_11xx.o)
                              ./src/hardware/ADC.o (Chip_IOCON_PinMuxSet)
C:\Users\bruno\Documents\LPC11U14\lpc_chip_11uxx_lib\Debug\liblpc_chip_11uxx_lib.a(ring_buffer.o)
                              ./src/hardware/Serial.o (RingBuffer_Init)
C:\Users\bruno\Documents\LPC11U14\lpc_chip_11uxx_lib\Debug\liblpc_chip_11uxx_lib.a(sysctl_11xx.o)
                              C:\Users\bruno\Documents\LPC11U14\nxp_lpcxpresso_11u14_board_lib\Debug\libnxp_lpcxpresso_11u14_board_lib.a(board_sysinit.o) (Chip_SYSCTL_PowerDown)
C:\Users\bruno\Documents\LPC11U14\lpc_chip_11uxx_lib\Debug\liblpc_chip_11uxx_lib.a(uart_11xx.o)
                              ./src/hardware/Serial.o (Chip_UART_DeInit)
C:/nxp/MCUXpressoIDE_24.12.148/ide/plugins/com.nxp.mcuxpresso.tools.win32_24.12.0.202407110909/tools/bin/../lib/gcc/arm-none-eabi/13.2.1/../../../../arm-none-eabi/lib/thumb/v6-m/nofp\libcr_c.a(memcpy.o)
                              ./src/hardware/DAC.o (memcpy)
C:/nxp/MCUXpressoIDE_24.12.148/ide/plugins/com.nxp.mcuxpresso.tools.win32_24.12.0.202407110909/tools/bin/../lib/gcc/arm-none-eabi/13.2.1/../../../../arm-none-eabi/lib/thumb/v6-m/nofp\libcr_c.a(__weak__main.o)
                              ./src/cr_startup_lpc11xx.o (__main)
C:/nxp/MCUXpressoIDE_24.12.148/ide/plugins/com.nxp.mcuxpresso.tools.win32_24.12.0.202407110909/tools/bin/../lib/gcc/arm-none-eabi/13.2.1/../../../../arm-none-eabi/lib/thumb/v6-m/nofp\libcr_c.a(strcmp.o)
                              ./src/hardware/Teclado.o (strcmp)
C:/nxp/MCUXpressoIDE_24.12.148/ide/plugins/com.nxp.mcuxpresso.tools.win32_24.12.0.202407110909/tools/bin/../lib/gcc/arm-none-eabi/13.2.1/thumb/v6-m/nofp\libcr_eabihelpers.a(division_32.o)
                              ./src/hardware/LCD.o (__aeabi_idiv)
C:/nxp/MCUXpressoIDE_24.12.148/ide/plugins/com.nxp.mcuxpresso.tools.win32_24.12.0.202407110909/tools/bin/../lib/gcc/arm-none-eabi/13.2.1/thumb/v6-m/nofp\libcr_eabihelpers.a(division_idiv0.o)
                              C:/nxp/MCUXpressoIDE_24.12.148/ide/plugins/com.nxp.mcuxpresso.tools.win32_24.12.0.202407110909/tools/bin/../lib/gcc/arm-none-eabi/13.2.1/thumb/v6-m/nofp\libcr_eabihelpers.a(division_32.o) (__aeabi_idiv0)
C:/nxp/MCUXpressoIDE_24.12.148/ide/plugins/com.nxp.mcuxpresso.tools.win32_24.12.0.202407110909/tools/bin/../lib/gcc/arm-none-eabi/13.2.1/thumb/v6-m/nofp\libcr_eabihelpers.a(double.o)
                              ./src/hardware/Serial.o (__aeabi_dmul)
C:/nxp/MCUXpressoIDE_24.12.148/ide/plugins/com.nxp.mcuxpresso.tools.win32_24.12.0.202407110909/tools/bin/../lib/gcc/arm-none-eabi/13.2.1/thumb/v6-m/nofp\libcr_eabihelpers.a(float.o)
                              ./src/util.o (__aeabi_fmul)
C:/nxp/MCUXpressoIDE_24.12.148/ide/plugins/com.nxp.mcuxpresso.tools.win32_24.12.0.202407110909/tools/bin/../lib/gcc/arm-none-eabi/13.2.1/thumb/v6-m/nofp\libcr_eabihelpers.a(llong.o)
                              C:/nxp/MCUXpressoIDE_24.12.148/ide/plugins/com.nxp.mcuxpresso.tools.win32_24.12.0.202407110909/tools/bin/../lib/gcc/arm-none-eabi/13.2.1/thumb/v6-m/nofp\libcr_eabihelpers.a(double.o) (__aeabi_lmul)
C:/nxp/MCUXpressoIDE_24.12.148/ide/plugins/com.nxp.mcuxpresso.tools.win32_24.12.0.202407110909/tools/bin/../lib/gcc/arm-none-eabi/13.2.1/thumb/v6-m/nofp\libcr_eabihelpers.a(memcpy.o)
                              C:/nxp/MCUXpressoIDE_24.12.148/ide/plugins/com.nxp.mcuxpresso.tools.win32_24.12.0.202407110909/tools/bin/../lib/gcc/arm-none-eabi/13.2.1/../../../../arm-none-eabi/lib/thumb/v6-m/nofp\libcr_c.a(memcpy.o) (__aeabi_memcpy)
C:/nxp/MCUXpressoIDE_24.12.148/ide/plugins/com.nxp.mcuxpresso.tools.win32_24.12.0.202407110909/tools/bin/../lib/gcc/arm-none-eabi/13.2.1/thumb/v6-m/nofp\libcr_eabihelpers.a(thumb1_switch_helpers.o)
                              ./src/hardware/LED.o (__gnu_thumb1_case_uqi)

Discarded input sections

 .text          0x00000000        0x0 ./src/hardware/ADC.o
 .data          0x00000000        0x0 ./src/hardware/ADC.o
[...]
Memory Configuration

Name             Origin             Length             Attributes
MFlash32         0x00000000         0x00008000         xr
RamLoc4          0x10000000         0x00001000         xrw
RamUsb2          0x20004000         0x00000800         xrw
*default*        0x00000000         0xffffffff

Linker script and memory map

LOAD ./src/hardware/ADC.o
LOAD ./src/hardware/DAC.o
LOAD ./src/hardware/LCD.o
LOAD ./src/hardware/LED.o
LOAD ./src/hardware/Memoria.o
LOAD ./src/hardware/RTC.o
LOAD ./src/hardware/Serial.o
LOAD ./src/hardware/Teclado.o
LOAD ./src/ctl/event.o
LOAD ./src/ctl/output.o
LOAD ./src/ctl/stateMachine.o
LOAD ./src/ctl/timer.o
LOAD ./src/ctl/var.o
LOAD ./src/I2C.o
LOAD ./src/cr_startup_lpc11xx.o
LOAD ./src/programa.o
LOAD ./src/sysinit.o
LOAD ./src/util.o
LOAD C:\Users\bruno\Documents\LPC11U14\lpc_chip_11uxx_lib\libs\libusbd_11uxx_lib.a
LOAD C:\Users\bruno\Documents\LPC11U14\nxp_lpcxpresso_11u14_board_lib\Debug\libnxp_lpcxpresso_11u14_board_lib.a
LOAD C:\Users\bruno\Documents\LPC11U14\lpc_chip_11uxx_lib\Debug\liblpc_chip_11uxx_lib.a
START GROUP
LOAD C:/nxp/MCUXpressoIDE_24.12.148/ide/plugins/com.nxp.mcuxpresso.tools.win32_24.12.0.202407110909/tools/bin/../lib/gcc/arm-none-eabi/13.2.1/../../../../arm-none-eabi/lib/thumb/v6-m/nofp\libcr_c.a
LOAD C:/nxp/MCUXpressoIDE_24.12.148/ide/plugins/com.nxp.mcuxpresso.tools.win32_24.12.0.202407110909/tools/bin/../lib/gcc/arm-none-eabi/13.2.1/thumb/v6-m/nofp\libcr_eabihelpers.a
LOAD C:/nxp/MCUXpressoIDE_24.12.148/ide/plugins/com.nxp.mcuxpresso.tools.win32_24.12.0.202407110909/tools/bin/../lib/gcc/arm-none-eabi/13.2.1/thumb/v6-m/nofp\libgcc.a
END GROUP
                0x00000000                        __base_MFlash32 = 0x0
                0x00000000                        __base_Flash = 0x0
                0x00008000                        __top_MFlash32 = 0x8000
                0x00008000                        __top_Flash = 0x8000
                0x10000000                        __base_RamLoc4 = 0x10000000
                0x10000000                        __base_RAM = 0x10000000
                0x10001000                        __top_RamLoc4 = 0x10001000
                0x10001000                        __top_RAM = 0x10001000
                0x20004000                        __base_RamUsb2 = 0x20004000
                0x20004000                        __base_RAM2 = 0x20004000
                0x20004800                        __top_RamUsb2 = 0x20004800
                0x20004800                        __top_RAM2 = 0x20004800

.text           0x00000000     0x32b0
 FILL mask 0xff
                0x00000000                        __vectors_start__ = ABSOLUTE (.)
 *(.isr_vector)
 .isr_vector    0x00000000       0xc0 ./src/cr_startup_lpc11xx.o
                0x00000000                g_pfnVectors
                0x000000c0                        . = ALIGN (0x4)
                0x000000c0                        __section_table_start = .
                0x000000c0                        __data_section_table = .
                0x000000c0        0x4 LONG 0x32b0 LOADADDR (.data)
                0x000000c4        0x4 LONG 0x10000000 ADDR (.data)
                0x000000c8        0x4 LONG 0x0 SIZEOF (.data)
                0x000000cc        0x4 LONG 0x32b0 LOADADDR (.data_RAM2)
                0x000000d0        0x4 LONG 0x20004000 ADDR (.data_RAM2)
                0x000000d4        0x4 LONG 0x0 SIZEOF (.data_RAM2)
                0x000000d8                        __data_section_table_end = .
                0x000000d8                        __bss_section_table = .
                0x000000d8        0x4 LONG 0x10000000 ADDR (.bss)
                0x000000dc        0x4 LONG 0x128 SIZEOF (.bss)
                0x000000e0        0x4 LONG 0x20004000 ADDR (.bss_RAM2)
                0x000000e4        0x4 LONG 0x0 SIZEOF (.bss_RAM2)
                0x000000e8                        __bss_section_table_end = .
                0x000000e8                        __section_table_end = .
 *(.after_vectors*)
 .after_vectors
                0x000000e8       0x78 ./src/cr_startup_lpc11xx.o
                0x000000e8                NMI_Handler
                0x000000ea                HardFault_Handler
                0x000000ec                SVC_Handler
                0x000000ee                PendSV_Handler
                0x000000f0                SysTick_Handler
                0x000000f2                FLEX_INT7_IRQHandler
                0x000000f2                FMC_IRQHandler
                0x000000f2                TIMER32_1_IRQHandler
                0x000000f2                FLEX_INT1_IRQHandler
                0x000000f2                IntDefaultHandler
                0x000000f2                SSP0_IRQHandler
                0x000000f2                USBWakeup_IRQHandler
                0x000000f2                FLEX_INT6_IRQHandler
                0x000000f2                FLEX_INT0_IRQHandler
                0x000000f2                FLEX_INT2_IRQHandler
                0x000000f2                TIMER16_1_IRQHandler
                0x000000f2                USB_FIQHandler
                0x000000f2                FLEX_INT5_IRQHandler
                0x000000f2                ADC_IRQHandler
                0x000000f2                SSP1_IRQHandler
                0x000000f2                FLEX_INT3_IRQHandler
                0x000000f2                USB_IRQHandler
                0x000000f2                BOD_IRQHandler
                0x000000f2                I2C_IRQHandler
                0x000000f2                WDT_IRQHandler
                0x000000f2                TIMER16_0_IRQHandler
                0x000000f2                GINT0_IRQHandler
                0x000000f2                FLEX_INT4_IRQHandler
                0x000000f2                GINT1_IRQHandler
                0x000000f4                data_init
                0x0000010a                bss_init
                0x0000011e                ResetISR
 *(.text*)
 .text.iniciaADC
                0x00000160       0x4c ./src/hardware/ADC.o
                0x00000160                iniciaADC
 .text.leSensor
                0x000001ac       0x30 ./src/hardware/ADC.o
                0x000001ac                leSensor
 .text.iniciaDAC
                0x000001dc       0x44 ./src/hardware/DAC.o
                0x000001dc                iniciaDAC
 .text.definirDAC
                0x00000220       0x24 ./src/hardware/DAC.o
                0x00000220                definirDAC
 .text.senoideDAC
                0x00000244       0x24 ./src/hardware/DAC.o
                0x00000244                senoideDAC
 .text.delay_ms
                0x00000268       0x18 ./src/hardware/LCD.o
                0x00000268                delay_ms
 .text.gravaDadosNoDisplay
                0x00000280       0x7c ./src/hardware/LCD.o
                0x00000280                gravaDadosNoDisplay
 .text.LCD_comando
                0x000002fc       0x18 ./src/hardware/LCD.o
                0x000002fc                LCD_comando
 .text.iniciaLCD
                0x00000314       0xc8 ./src/hardware/LCD.o
                0x00000314                iniciaLCD
 .text.LCD_caractere
                0x000003dc       0x18 ./src/hardware/LCD.o
                0x000003dc                LCD_caractere
 .text.LCD_string
                0x000003f4       0x14 ./src/hardware/LCD.o
                0x000003f4                LCD_string
 .text.LCD_int  0x00000408       0x80 ./src/hardware/LCD.o
                0x00000408                LCD_int
 .text.LCD_int2Dig
                0x00000488       0x36 ./src/hardware/LCD.o
                0x00000488                LCD_int2Dig
 *fill*         0x000004be        0x2 ff
 .text.iniciaLED
                0x000004c0       0x60 ./src/hardware/LED.o
                0x000004c0                iniciaLED
 .text.desligaLED
                0x00000520       0x34 ./src/hardware/LED.o
                0x00000520                desligaLED
 .text.toggleLED
                0x00000554       0x38 ./src/hardware/LED.o
                0x00000554                toggleLED
 .text.getRTCData
                0x0000058c       0x18 ./src/hardware/RTC.o
                0x0000058c                getRTCData
 .text.getRTCSegundos
                0x000005a4       0x2a ./src/hardware/RTC.o
                0x000005a4                getRTCSegundos
 .text.setRTCSegundos
                0x000005ce       0x40 ./src/hardware/RTC.o
                0x000005ce                setRTCSegundos
 .text.getRTCMinutos
                0x0000060e       0x2a ./src/hardware/RTC.o
                0x0000060e                getRTCMinutos
 .text.setRTCMinutos
                0x00000638       0x40 ./src/hardware/RTC.o
                0x00000638                setRTCMinutos
 .text.getRTCHoras
                0x00000678       0x2a ./src/hardware/RTC.o
                0x00000678                getRTCHoras
 *fill*         0x000006a2        0x2 ff
 .text.setRTCHoras
                0x000006a4       0x40 ./src/hardware/RTC.o
                0x000006a4                setRTCHoras
 .text.iniciaRTC
                0x000006e4       0x1c ./src/hardware/RTC.o
                0x000006e4                iniciaRTC
 .text.UART_IRQHandler
                0x00000700       0x1c ./src/hardware/Serial.o
                0x00000700                UART_IRQHandler
 .text.iniciaSerial
                0x0000071c       0xa8 ./src/hardware/Serial.o
                0x0000071c                iniciaSerial
 .text.enviaDado
                0x000007c4       0x1c ./src/hardware/Serial.o
                0x000007c4                enviaDado
 .text.serial_enviaString
                0x000007e0       0x14 ./src/hardware/Serial.o
                0x000007e0                serial_enviaString
 .text.serial_enviaInteiro
                0x000007f4       0x54 ./src/hardware/Serial.o
                0x000007f4                serial_enviaInteiro
 .text.serial_enviaInt2Dig
                0x00000848       0x32 ./src/hardware/Serial.o
                0x00000848                serial_enviaInt2Dig
 .text.serial_enviaInt4Dig
                0x0000087a       0x60 ./src/hardware/Serial.o
                0x0000087a                serial_enviaInt4Dig
 *fill*         0x000008da        0x2 ff
 .text.processaComandoSerial
                0x000008dc      0x330 ./src/hardware/Serial.o
                0x000008dc                processaComandoSerial
 .text.iniciaTeclado
                0x00000c0c       0x44 ./src/hardware/Teclado.o
                0x00000c0c                iniciaTeclado
 .text.lerBotao
                0x00000c50       0xd8 ./src/hardware/Teclado.o
                0x00000c50                lerBotao
 .text.eventRead
                0x00000d28       0x88 ./src/ctl/event.o
                0x00000d28                eventRead
 .text.outputPrint
                0x00000db0      0x238 ./src/ctl/output.o
                0x00000db0                outputPrint
 .text.iniciaSM
                0x00000fe8        0xe ./src/ctl/stateMachine.o
                0x00000fe8                iniciaSM
 .text.smLoop   0x00000ff6      0x132 ./src/ctl/stateMachine.o
                0x00000ff6                smLoop
 .text.iniciaTimer
                0x00001128       0x38 ./src/ctl/timer.o
                0x00001128                iniciaTimer
 .text.TIMER32_0_IRQHandler
                0x00001160       0x20 ./src/ctl/timer.o
                0x00001160                TIMER32_0_IRQHandler
 .text.varInit  0x00001180       0x5c ./src/ctl/var.o
                0x00001180                varInit
 .text.getState
                0x000011dc        0xc ./src/ctl/var.o
                0x000011dc                getState
 .text.setState
                0x000011e8        0xc ./src/ctl/var.o
                0x000011e8                setState
 .text.getAlarmLevel_H
                0x000011f4        0xc ./src/ctl/var.o
                0x000011f4                getAlarmLevel_H
 .text.setAlarmLevel_H
                0x00001200        0xc ./src/ctl/var.o
                0x00001200                setAlarmLevel_H
 .text.getAlarmLevel_L
                0x0000120c        0xc ./src/ctl/var.o
                0x0000120c                getAlarmLevel_L
 .text.setAlarmLevel_L
                0x00001218        0xc ./src/ctl/var.o
                0x00001218                setAlarmLevel_L
 .text.getSensorLevel
                0x00001224        0xc ./src/ctl/var.o
                0x00001224                getSensorLevel
 .text.setSensorLevel
                0x00001230       0x40 ./src/ctl/var.o
                0x00001230                setSensorLevel
 .text.getLanguage
                0x00001270        0xc ./src/ctl/var.o
                0x00001270                getLanguage
 .text.setLanguage
                0x0000127c       0x10 ./src/ctl/var.o
                0x0000127c                setLanguage
 .text.getSeconds
                0x0000128c        0xc ./src/ctl/var.o
                0x0000128c                getSeconds
 .text.setSeconds
                0x00001298        0xc ./src/ctl/var.o
                0x00001298                setSeconds
 .text.getMinutes
                0x000012a4        0xc ./src/ctl/var.o
                0x000012a4                getMinutes
 .text.setMinutes
                0x000012b0        0xc ./src/ctl/var.o
                0x000012b0                setMinutes
 .text.getHours
                0x000012bc        0xc ./src/ctl/var.o
                0x000012bc                getHours
 .text.setHours
                0x000012c8        0xc ./src/ctl/var.o
                0x000012c8                setHours
 .text.ajustaTempo
                0x000012d4       0x80 ./src/ctl/var.o
                0x000012d4                ajustaTempo
 .text.iniciaI2C
                0x00001354       0x58 ./src/I2C.o
                0x00001354                iniciaI2C
 .text.I2C_Transmitir
                0x000013ac       0x42 ./src/I2C.o
                0x000013ac                I2C_Transmitir
 .text.I2C_Receber
                0x000013ee       0x5c ./src/I2C.o
                0x000013ee                I2C_Receber
 *fill*         0x0000144a        0x2 ff
 .text.startup.main
                0x0000144c      0x190 ./src/programa.o
                0x0000144c                main
 .text.SystemInit
                0x000015dc        0x8 ./src/sysinit.o
                0x000015dc                SystemInit
 .text.floatParaString
                0x000015e4       0xb4 ./src/util.o
                0x000015e4                floatParaString
 .text.Chip_FMC_SetFLASHAccess
                0x00001698       0x30 C:\Users\bruno\Documents\LPC11U14\nxp_lpcxpresso_11u14_board_lib\Debug\libnxp_lpcxpresso_11u14_board_lib.a(board_sysinit.o)
 .text.Chip_Clock_SetupSystemPLL
                0x000016c8       0x38 C:\Users\bruno\Documents\LPC11U14\nxp_lpcxpresso_11u14_board_lib\Debug\libnxp_lpcxpresso_11u14_board_lib.a(board_sysinit.o)
 .text.Chip_Clock_IsSystemPLLLocked
                0x00001700       0x1c C:\Users\bruno\Documents\LPC11U14\nxp_lpcxpresso_11u14_board_lib\Debug\libnxp_lpcxpresso_11u14_board_lib.a(board_sysinit.o)
 .text.Chip_Clock_SetupUSBPLL
                0x0000171c       0x38 C:\Users\bruno\Documents\LPC11U14\nxp_lpcxpresso_11u14_board_lib\Debug\libnxp_lpcxpresso_11u14_board_lib.a(board_sysinit.o)
 .text.Chip_Clock_IsUSBPLLLocked
                0x00001754       0x1c C:\Users\bruno\Documents\LPC11U14\nxp_lpcxpresso_11u14_board_lib\Debug\libnxp_lpcxpresso_11u14_board_lib.a(board_sysinit.o)
 .text.Chip_Clock_SetSysClockDiv
                0x00001770       0x1c C:\Users\bruno\Documents\LPC11U14\nxp_lpcxpresso_11u14_board_lib\Debug\libnxp_lpcxpresso_11u14_board_lib.a(board_sysinit.o)
 .text.Chip_Clock_EnablePeriphClock
                0x0000178c       0x30 C:\Users\bruno\Documents\LPC11U14\nxp_lpcxpresso_11u14_board_lib\Debug\libnxp_lpcxpresso_11u14_board_lib.a(board_sysinit.o)
 .text.SystemSetupClocking
                0x000017bc       0x94 C:\Users\bruno\Documents\LPC11U14\nxp_lpcxpresso_11u14_board_lib\Debug\libnxp_lpcxpresso_11u14_board_lib.a(board_sysinit.o)
 .text.SystemSetupMuxing
                0x00001850       0x5c C:\Users\bruno\Documents\LPC11U14\nxp_lpcxpresso_11u14_board_lib\Debug\libnxp_lpcxpresso_11u14_board_lib.a(board_sysinit.o)
 .text.Board_SystemInit
                0x000018ac       0x12 C:\Users\bruno\Documents\LPC11U14\nxp_lpcxpresso_11u14_board_lib\Debug\libnxp_lpcxpresso_11u14_board_lib.a(board_sysinit.o)
                0x000018ac                Board_SystemInit
 *fill*         0x000018be        0x2 ff
 .text.Chip_Clock_EnablePeriphClock
                0x000018c0       0x30 C:\Users\bruno\Documents\LPC11U14\lpc_chip_11uxx_lib\Debug\liblpc_chip_11uxx_lib.a(adc_11xx.o)
 .text.getFullConvClk
                0x000018f0        0xc C:\Users\bruno\Documents\LPC11U14\lpc_chip_11uxx_lib\Debug\liblpc_chip_11uxx_lib.a(adc_11xx.o)
 .text.getClkDiv
                0x000018fc       0x74 C:\Users\bruno\Documents\LPC11U14\lpc_chip_11uxx_lib\Debug\liblpc_chip_11uxx_lib.a(adc_11xx.o)
 .text.setStartMode
                0x00001970       0x34 C:\Users\bruno\Documents\LPC11U14\lpc_chip_11uxx_lib\Debug\liblpc_chip_11uxx_lib.a(adc_11xx.o)
                0x00001970                setStartMode
 .text.readAdcVal
                0x000019a4       0x44 C:\Users\bruno\Documents\LPC11U14\lpc_chip_11uxx_lib\Debug\liblpc_chip_11uxx_lib.a(adc_11xx.o)
                0x000019a4                readAdcVal
 .text.Chip_ADC_Init
                0x000019e8       0x88 C:\Users\bruno\Documents\LPC11U14\lpc_chip_11uxx_lib\Debug\liblpc_chip_11uxx_lib.a(adc_11xx.o)
                0x000019e8                Chip_ADC_Init
 .text.Chip_ADC_ReadValue
                0x00001a70       0x2a C:\Users\bruno\Documents\LPC11U14\lpc_chip_11uxx_lib\Debug\liblpc_chip_11uxx_lib.a(adc_11xx.o)
                0x00001a70                Chip_ADC_ReadValue
 .text.Chip_ADC_ReadStatus
                0x00001a9a       0x84 C:\Users\bruno\Documents\LPC11U14\lpc_chip_11uxx_lib\Debug\liblpc_chip_11uxx_lib.a(adc_11xx.o)
                0x00001a9a                Chip_ADC_ReadStatus
 *fill*         0x00001b1e        0x2 ff
 .text.Chip_ADC_SetStartMode
                0x00001b20       0x68 C:\Users\bruno\Documents\LPC11U14\lpc_chip_11uxx_lib\Debug\liblpc_chip_11uxx_lib.a(adc_11xx.o)
                0x00001b20                Chip_ADC_SetStartMode
 .text.Chip_ADC_SetSampleRate
                0x00001b88       0x6c C:\Users\bruno\Documents\LPC11U14\lpc_chip_11uxx_lib\Debug\liblpc_chip_11uxx_lib.a(adc_11xx.o)
                0x00001b88                Chip_ADC_SetSampleRate
 .text.Chip_ADC_SetResolution
                0x00001bf4       0x2c C:\Users\bruno\Documents\LPC11U14\lpc_chip_11uxx_lib\Debug\liblpc_chip_11uxx_lib.a(adc_11xx.o)
                0x00001bf4                Chip_ADC_SetResolution
 .text.Chip_ADC_EnableChannel
                0x00001c20       0x64 C:\Users\bruno\Documents\LPC11U14\lpc_chip_11uxx_lib\Debug\liblpc_chip_11uxx_lib.a(adc_11xx.o)
                0x00001c20                Chip_ADC_EnableChannel
 .text.SystemCoreClockUpdate
                0x00001c84       0x18 C:\Users\bruno\Documents\LPC11U14\lpc_chip_11uxx_lib\Debug\liblpc_chip_11uxx_lib.a(chip_11xx.o)
                0x00001c84                SystemCoreClockUpdate
 .text.Chip_Clock_GetMainOscRate
                0x00001c9c       0x14 C:\Users\bruno\Documents\LPC11U14\lpc_chip_11uxx_lib\Debug\liblpc_chip_11uxx_lib.a(clock_11xx.o)
 .text.Chip_Clock_GetIntOscRate
                0x00001cb0       0x10 C:\Users\bruno\Documents\LPC11U14\lpc_chip_11uxx_lib\Debug\liblpc_chip_11uxx_lib.a(clock_11xx.o)
 .text.Chip_Clock_GetWDTLFORate
                0x00001cc0       0x48 C:\Users\bruno\Documents\LPC11U14\lpc_chip_11uxx_lib\Debug\liblpc_chip_11uxx_lib.a(clock_11xx.o)
 .text.Chip_Clock_GetPLLFreq
                0x00001d08       0x22 C:\Users\bruno\Documents\LPC11U14\lpc_chip_11uxx_lib\Debug\liblpc_chip_11uxx_lib.a(clock_11xx.o)
 *fill*         0x00001d2a        0x2 ff
 .text.Chip_Clock_SetSystemPLLSource
                0x00001d2c       0x2c C:\Users\bruno\Documents\LPC11U14\lpc_chip_11uxx_lib\Debug\liblpc_chip_11uxx_lib.a(clock_11xx.o)
                0x00001d2c                Chip_Clock_SetSystemPLLSource
 .text.Chip_Clock_SetUSBPLLSource
                0x00001d58       0x2c C:\Users\bruno\Documents\LPC11U14\lpc_chip_11uxx_lib\Debug\liblpc_chip_11uxx_lib.a(clock_11xx.o)
                0x00001d58                Chip_Clock_SetUSBPLLSource
 .text.Chip_Clock_SetMainClockSource
                0x00001d84       0x2c C:\Users\bruno\Documents\LPC11U14\lpc_chip_11uxx_lib\Debug\liblpc_chip_11uxx_lib.a(clock_11xx.o)
                0x00001d84                Chip_Clock_SetMainClockSource
 .text.Chip_Clock_GetWDTOSCRate
                0x00001db0       0x1c C:\Users\bruno\Documents\LPC11U14\lpc_chip_11uxx_lib\Debug\liblpc_chip_11uxx_lib.a(clock_11xx.o)
                0x00001db0                Chip_Clock_GetWDTOSCRate
 .text.Chip_Clock_GetSystemPLLInClockRate
                0x00001dcc       0x40 C:\Users\bruno\Documents\LPC11U14\lpc_chip_11uxx_lib\Debug\liblpc_chip_11uxx_lib.a(clock_11xx.o)
                0x00001dcc                Chip_Clock_GetSystemPLLInClockRate
 .text.Chip_Clock_GetSystemPLLOutClockRate
                0x00001e0c       0x24 C:\Users\bruno\Documents\LPC11U14\lpc_chip_11uxx_lib\Debug\liblpc_chip_11uxx_lib.a(clock_11xx.o)
                0x00001e0c                Chip_Clock_GetSystemPLLOutClockRate
 .text.Chip_Clock_GetMainClockRate
                0x00001e30       0x64 C:\Users\bruno\Documents\LPC11U14\lpc_chip_11uxx_lib\Debug\liblpc_chip_11uxx_lib.a(clock_11xx.o)
                0x00001e30                Chip_Clock_GetMainClockRate
 .text.Chip_Clock_GetSystemClockRate
                0x00001e94       0x24 C:\Users\bruno\Documents\LPC11U14\lpc_chip_11uxx_lib\Debug\liblpc_chip_11uxx_lib.a(clock_11xx.o)
                0x00001e94                Chip_Clock_GetSystemClockRate
 .text.Chip_GPIO_SetPinDIROutput
                0x00001eb8       0x50 C:\Users\bruno\Documents\LPC11U14\lpc_chip_11uxx_lib\Debug\liblpc_chip_11uxx_lib.a(gpio_11xx_1.o)
 .text.Chip_GPIO_SetPinDIRInput
                0x00001f08       0x52 C:\Users\bruno\Documents\LPC11U14\lpc_chip_11uxx_lib\Debug\liblpc_chip_11uxx_lib.a(gpio_11xx_1.o)
 .text.Chip_GPIO_SetPinDIR
                0x00001f5a       0x52 C:\Users\bruno\Documents\LPC11U14\lpc_chip_11uxx_lib\Debug\liblpc_chip_11uxx_lib.a(gpio_11xx_1.o)
                0x00001f5a                Chip_GPIO_SetPinDIR
 .text.Chip_IOCON_PinMuxSet
                0x00001fac       0x4c C:\Users\bruno\Documents\LPC11U14\lpc_chip_11uxx_lib\Debug\liblpc_chip_11uxx_lib.a(iocon_11xx.o)
                0x00001fac                Chip_IOCON_PinMuxSet
 .text.RingBuffer_GetCount
                0x00001ff8       0x1e C:\Users\bruno\Documents\LPC11U14\lpc_chip_11uxx_lib\Debug\liblpc_chip_11uxx_lib.a(ring_buffer.o)
 .text.RingBuffer_GetFree
                0x00002016       0x20 C:\Users\bruno\Documents\LPC11U14\lpc_chip_11uxx_lib\Debug\liblpc_chip_11uxx_lib.a(ring_buffer.o)
 .text.RingBuffer_IsFull
                0x00002036       0x2a C:\Users\bruno\Documents\LPC11U14\lpc_chip_11uxx_lib\Debug\liblpc_chip_11uxx_lib.a(ring_buffer.o)
 .text.RingBuffer_IsEmpty
                0x00002060       0x24 C:\Users\bruno\Documents\LPC11U14\lpc_chip_11uxx_lib\Debug\liblpc_chip_11uxx_lib.a(ring_buffer.o)
 .text.RingBuffer_Init
                0x00002084       0x38 C:\Users\bruno\Documents\LPC11U14\lpc_chip_11uxx_lib\Debug\liblpc_chip_11uxx_lib.a(ring_buffer.o)
                0x00002084                RingBuffer_Init
 .text.RingBuffer_Insert
                0x000020bc       0x5c C:\Users\bruno\Documents\LPC11U14\lpc_chip_11uxx_lib\Debug\liblpc_chip_11uxx_lib.a(ring_buffer.o)
                0x000020bc                RingBuffer_Insert
 .text.RingBuffer_InsertMult
                0x00002118      0x120 C:\Users\bruno\Documents\LPC11U14\lpc_chip_11uxx_lib\Debug\liblpc_chip_11uxx_lib.a(ring_buffer.o)
                0x00002118                RingBuffer_InsertMult
 .text.RingBuffer_Pop
                0x00002238       0x5c C:\Users\bruno\Documents\LPC11U14\lpc_chip_11uxx_lib\Debug\liblpc_chip_11uxx_lib.a(ring_buffer.o)
                0x00002238                RingBuffer_Pop
 .text.RingBuffer_PopMult
                0x00002294      0x120 C:\Users\bruno\Documents\LPC11U14\lpc_chip_11uxx_lib\Debug\liblpc_chip_11uxx_lib.a(ring_buffer.o)
                0x00002294                RingBuffer_PopMult
 .text.Chip_SYSCTL_PowerDown
                0x000023b4       0x44 C:\Users\bruno\Documents\LPC11U14\lpc_chip_11uxx_lib\Debug\liblpc_chip_11uxx_lib.a(sysctl_11xx.o)
                0x000023b4                Chip_SYSCTL_PowerDown
 .text.Chip_SYSCTL_PowerUp
                0x000023f8       0x44 C:\Users\bruno\Documents\LPC11U14\lpc_chip_11uxx_lib\Debug\liblpc_chip_11uxx_lib.a(sysctl_11xx.o)
                0x000023f8                Chip_SYSCTL_PowerUp
 .text.RingBuffer_IsEmpty
                0x0000243c       0x24 C:\Users\bruno\Documents\LPC11U14\lpc_chip_11uxx_lib\Debug\liblpc_chip_11uxx_lib.a(uart_11xx.o)
 .text.Chip_UART_SendByte
                0x00002460       0x1e C:\Users\bruno\Documents\LPC11U14\lpc_chip_11uxx_lib\Debug\liblpc_chip_11uxx_lib.a(uart_11xx.o)
 .text.Chip_UART_ReadByte
                0x0000247e       0x16 C:\Users\bruno\Documents\LPC11U14\lpc_chip_11uxx_lib\Debug\liblpc_chip_11uxx_lib.a(uart_11xx.o)
 .text.Chip_UART_IntEnable
                0x00002494       0x1e C:\Users\bruno\Documents\LPC11U14\lpc_chip_11uxx_lib\Debug\liblpc_chip_11uxx_lib.a(uart_11xx.o)
 .text.Chip_UART_IntDisable
                0x000024b2       0x20 C:\Users\bruno\Documents\LPC11U14\lpc_chip_11uxx_lib\Debug\liblpc_chip_11uxx_lib.a(uart_11xx.o)
 .text.Chip_UART_EnableDivisorAccess
                0x000024d2       0x1c C:\Users\bruno\Documents\LPC11U14\lpc_chip_11uxx_lib\Debug\liblpc_chip_11uxx_lib.a(uart_11xx.o)
 .text.Chip_UART_DisableDivisorAccess
                0x000024ee       0x1e C:\Users\bruno\Documents\LPC11U14\lpc_chip_11uxx_lib\Debug\liblpc_chip_11uxx_lib.a(uart_11xx.o)
 .text.Chip_UART_SetDivisorLatches
                0x0000250c       0x30 C:\Users\bruno\Documents\LPC11U14\lpc_chip_11uxx_lib\Debug\liblpc_chip_11uxx_lib.a(uart_11xx.o)
 .text.Chip_UART_ReadLineStatus
                0x0000253c       0x14 C:\Users\bruno\Documents\LPC11U14\lpc_chip_11uxx_lib\Debug\liblpc_chip_11uxx_lib.a(uart_11xx.o)
 .text.Chip_UART_SetBaud
                0x00002550       0x64 C:\Users\bruno\Documents\LPC11U14\lpc_chip_11uxx_lib\Debug\liblpc_chip_11uxx_lib.a(uart_11xx.o)
                0x00002550                Chip_UART_SetBaud
 .text.Chip_UART_RXIntHandlerRB
                0x000025b4       0x44 C:\Users\bruno\Documents\LPC11U14\lpc_chip_11uxx_lib\Debug\liblpc_chip_11uxx_lib.a(uart_11xx.o)
                0x000025b4                Chip_UART_RXIntHandlerRB
 .text.Chip_UART_TXIntHandlerRB
                0x000025f8       0x46 C:\Users\bruno\Documents\LPC11U14\lpc_chip_11uxx_lib\Debug\liblpc_chip_11uxx_lib.a(uart_11xx.o)
                0x000025f8                Chip_UART_TXIntHandlerRB
 .text.Chip_UART_SendRB
                0x0000263e       0x6c C:\Users\bruno\Documents\LPC11U14\lpc_chip_11uxx_lib\Debug\liblpc_chip_11uxx_lib.a(uart_11xx.o)
                0x0000263e                Chip_UART_SendRB
 .text.Chip_UART_ReadRB
                0x000026aa       0x24 C:\Users\bruno\Documents\LPC11U14\lpc_chip_11uxx_lib\Debug\liblpc_chip_11uxx_lib.a(uart_11xx.o)
                0x000026aa                Chip_UART_ReadRB
 .text.Chip_UART_IRQRBHandler
                0x000026ce       0x4c C:\Users\bruno\Documents\LPC11U14\lpc_chip_11uxx_lib\Debug\liblpc_chip_11uxx_lib.a(uart_11xx.o)
                0x000026ce                Chip_UART_IRQRBHandler
 .text.memcpy   0x0000271a        0x8 C:/nxp/MCUXpressoIDE_24.12.148/ide/plugins/com.nxp.mcuxpresso.tools.win32_24.12.0.202407110909/tools/bin/../lib/gcc/arm-none-eabi/13.2.1/../../../../arm-none-eabi/lib/thumb/v6-m/nofp\libcr_c.a(memcpy.o)
                0x0000271a                memcpy
 .text.__weak_main
                0x00002722        0x8 C:/nxp/MCUXpressoIDE_24.12.148/ide/plugins/com.nxp.mcuxpresso.tools.win32_24.12.0.202407110909/tools/bin/../lib/gcc/arm-none-eabi/13.2.1/../../../../arm-none-eabi/lib/thumb/v6-m/nofp\libcr_c.a(__weak__main.o)
                0x00002722                __weak_main
                0x00002722                __main
 *fill*         0x0000272a        0x2 ff
 .text.strcmp   0x0000272c       0x44 C:/nxp/MCUXpressoIDE_24.12.148/ide/plugins/com.nxp.mcuxpresso.tools.win32_24.12.0.202407110909/tools/bin/../lib/gcc/arm-none-eabi/13.2.1/../../../../arm-none-eabi/lib/thumb/v6-m/nofp\libcr_c.a(strcmp.o)
                0x0000272c                strcmp
 .text.__aeabi_division_idivmod
                0x00002770       0x78 C:/nxp/MCUXpressoIDE_24.12.148/ide/plugins/com.nxp.mcuxpresso.tools.win32_24.12.0.202407110909/tools/bin/../lib/gcc/arm-none-eabi/13.2.1/thumb/v6-m/nofp\libcr_eabihelpers.a(division_32.o)
                0x00002770                __aeabi_idivmod
                0x00002770                __aeabi_idiv
                0x00002776                __aeabi_uidivmod
                0x00002776                __aeabi_uidiv
 .text.__aeabi_division_idiv0
                0x000027e8        0x2 C:/nxp/MCUXpressoIDE_24.12.148/ide/plugins/com.nxp.mcuxpresso.tools.win32_24.12.0.202407110909/tools/bin/../lib/gcc/arm-none-eabi/13.2.1/thumb/v6-m/nofp\libcr_eabihelpers.a(division_idiv0.o)
                0x000027e8                __aeabi_idiv0
 *fill*         0x000027ea        0x2 ff
 .text.__aeabi_dmul
                0x000027ec      0x190 C:/nxp/MCUXpressoIDE_24.12.148/ide/plugins/com.nxp.mcuxpresso.tools.win32_24.12.0.202407110909/tools/bin/../lib/gcc/arm-none-eabi/13.2.1/thumb/v6-m/nofp\libcr_eabihelpers.a(double.o)
                0x000027ec                __aeabi_dmul
 .text.__aeabi_ddiv
                0x0000297c      0x174 C:/nxp/MCUXpressoIDE_24.12.148/ide/plugins/com.nxp.mcuxpresso.tools.win32_24.12.0.202407110909/tools/bin/../lib/gcc/arm-none-eabi/13.2.1/thumb/v6-m/nofp\libcr_eabihelpers.a(double.o)
                0x0000297c                __aeabi_ddiv
 .text.__aeabi_d2f
                0x00002af0       0x64 C:/nxp/MCUXpressoIDE_24.12.148/ide/plugins/com.nxp.mcuxpresso.tools.win32_24.12.0.202407110909/tools/bin/../lib/gcc/arm-none-eabi/13.2.1/thumb/v6-m/nofp\libcr_eabihelpers.a(double.o)
                0x00002af0                __aeabi_d2f
 .text.__bhs_ui2d
                0x00002b54       0x5e C:/nxp/MCUXpressoIDE_24.12.148/ide/plugins/com.nxp.mcuxpresso.tools.win32_24.12.0.202407110909/tools/bin/../lib/gcc/arm-none-eabi/13.2.1/thumb/v6-m/nofp\libcr_eabihelpers.a(double.o)
                0x00002b54                __bhs_ui2d
 .text.__aeabi_i2d
                0x00002bb2       0x18 C:/nxp/MCUXpressoIDE_24.12.148/ide/plugins/com.nxp.mcuxpresso.tools.win32_24.12.0.202407110909/tools/bin/../lib/gcc/arm-none-eabi/13.2.1/thumb/v6-m/nofp\libcr_eabihelpers.a(double.o)
                0x00002bb2                __aeabi_i2d
 *fill*         0x00002bca        0x2 ff
 .text.__aeabi_fmul
                0x00002bcc       0xcc C:/nxp/MCUXpressoIDE_24.12.148/ide/plugins/com.nxp.mcuxpresso.tools.win32_24.12.0.202407110909/tools/bin/../lib/gcc/arm-none-eabi/13.2.1/thumb/v6-m/nofp\libcr_eabihelpers.a(float.o)
                0x00002bcc                __aeabi_fmul
 .text.__aeabi_fsub
                0x00002c98      0x124 C:/nxp/MCUXpressoIDE_24.12.148/ide/plugins/com.nxp.mcuxpresso.tools.win32_24.12.0.202407110909/tools/bin/../lib/gcc/arm-none-eabi/13.2.1/thumb/v6-m/nofp\libcr_eabihelpers.a(float.o)
                0x00002c98                __aeabi_fsub
 .text.__aeabi_fadd
                0x00002dbc       0xb0 C:/nxp/MCUXpressoIDE_24.12.148/ide/plugins/com.nxp.mcuxpresso.tools.win32_24.12.0.202407110909/tools/bin/../lib/gcc/arm-none-eabi/13.2.1/thumb/v6-m/nofp\libcr_eabihelpers.a(float.o)
                0x00002dbc                __aeabi_fadd
 .text.__aeabi_f2iz
                0x00002e6c       0x34 C:/nxp/MCUXpressoIDE_24.12.148/ide/plugins/com.nxp.mcuxpresso.tools.win32_24.12.0.202407110909/tools/bin/../lib/gcc/arm-none-eabi/13.2.1/thumb/v6-m/nofp\libcr_eabihelpers.a(float.o)
                0x00002e6c                __aeabi_f2iz
 .text.__bhs_ui2f
                0x00002ea0       0x60 C:/nxp/MCUXpressoIDE_24.12.148/ide/plugins/com.nxp.mcuxpresso.tools.win32_24.12.0.202407110909/tools/bin/../lib/gcc/arm-none-eabi/13.2.1/thumb/v6-m/nofp\libcr_eabihelpers.a(float.o)
                0x00002ea0                __bhs_ui2f
 .text.__aeabi_i2f
                0x00002f00       0x18 C:/nxp/MCUXpressoIDE_24.12.148/ide/plugins/com.nxp.mcuxpresso.tools.win32_24.12.0.202407110909/tools/bin/../lib/gcc/arm-none-eabi/13.2.1/thumb/v6-m/nofp\libcr_eabihelpers.a(float.o)
                0x00002f00                __aeabi_i2f
 .text.__aeabi_f2d
                0x00002f18       0x40 C:/nxp/MCUXpressoIDE_24.12.148/ide/plugins/com.nxp.mcuxpresso.tools.win32_24.12.0.202407110909/tools/bin/../lib/gcc/arm-none-eabi/13.2.1/thumb/v6-m/nofp\libcr_eabihelpers.a(float.o)
                0x00002f18                __aeabi_f2d
 .text.__aeabi_fcmplt
                0x00002f58       0x42 C:/nxp/MCUXpressoIDE_24.12.148/ide/plugins/com.nxp.mcuxpresso.tools.win32_24.12.0.202407110909/tools/bin/../lib/gcc/arm-none-eabi/13.2.1/thumb/v6-m/nofp\libcr_eabihelpers.a(float.o)
                0x00002f58                __aeabi_fcmplt
 .text.__aeabi_fcmpgt
                0x00002f9a       0x3c C:/nxp/MCUXpressoIDE_24.12.148/ide/plugins/com.nxp.mcuxpresso.tools.win32_24.12.0.202407110909/tools/bin/../lib/gcc/arm-none-eabi/13.2.1/thumb/v6-m/nofp\libcr_eabihelpers.a(float.o)
                0x00002f9a                __aeabi_fcmpgt
 .text.__aeabi_llong_lmul
                0x00002fd6       0x2e C:/nxp/MCUXpressoIDE_24.12.148/ide/plugins/com.nxp.mcuxpresso.tools.win32_24.12.0.202407110909/tools/bin/../lib/gcc/arm-none-eabi/13.2.1/thumb/v6-m/nofp\libcr_eabihelpers.a(llong.o)
                0x00002fd6                __aeabi_lmul
 .text.__aeabi_memcpy
                0x00003004       0x2c C:/nxp/MCUXpressoIDE_24.12.148/ide/plugins/com.nxp.mcuxpresso.tools.win32_24.12.0.202407110909/tools/bin/../lib/gcc/arm-none-eabi/13.2.1/thumb/v6-m/nofp\libcr_eabihelpers.a(memcpy.o)
                0x00003004                __aeabi_memcpy4
                0x00003004                __aeabi_memcpy8
                0x00003004                __aeabi_memcpy
 .text.__gnu_thumb1_case_uqi
                0x00003030       0x10 C:/nxp/MCUXpressoIDE_24.12.148/ide/plugins/com.nxp.mcuxpresso.tools.win32_24.12.0.202407110909/tools/bin/../lib/gcc/arm-none-eabi/13.2.1/thumb/v6-m/nofp\libcr_eabihelpers.a(thumb1_switch_helpers.o)
                0x00003030                __gnu_thumb1_case_uqi
 *(.rodata .rodata.* .constdata .constdata.*)
 .rodata.definirDAC.cst2
                0x00003040        0x2 ./src/hardware/DAC.o
 .rodata        0x00003042       0x20 ./src/hardware/DAC.o
 .rodata.processaComandoSerial.str1.1
                0x00003062      0x1ab ./src/hardware/Serial.o
                                 0x42 (size before relaxing)
 .rodata.lerBotao.str1.1
                0x0000320d       0x32 ./src/hardware/Teclado.o
 .rodata.eventRead.str1.1
                0x0000320d       0x19 ./src/ctl/event.o
 .rodata.outputPrint.str1.1
                0x0000320d       0x47 ./src/ctl/output.o
 .rodata.str1.1
                0x0000320d       0xe7 ./src/ctl/output.o
 *fill*         0x0000320d        0x3 ff
 .rodata.msgs   0x00003210       0x38 ./src/ctl/output.o
 .rodata.main.str1.1
                0x00003248       0x27 ./src/programa.o
 .rodata.OscRateIn
                0x00003248        0x4 ./src/programa.o
                0x00003248                OscRateIn
 .rodata.pinmuxing
                0x0000324c       0x24 C:\Users\bruno\Documents\LPC11U14\nxp_lpcxpresso_11u14_board_lib\Debug\libnxp_lpcxpresso_11u14_board_lib.a(board_sysinit.o)
 .rodata.wdtOSCRate
                0x00003270       0x40 C:\Users\bruno\Documents\LPC11U14\lpc_chip_11uxx_lib\Debug\liblpc_chip_11uxx_lib.a(clock_11xx.o)
                0x000032b0                        . = ALIGN (0x4)

.glue_7         0x000032b0        0x0
 .glue_7        0x000032b0        0x0 linker stubs

.glue_7t        0x000032b0        0x0
 .glue_7t       0x000032b0        0x0 linker stubs

.vfp11_veneer   0x000032b0        0x0
 .vfp11_veneer  0x000032b0        0x0 linker stubs

.v4_bx          0x000032b0        0x0
 .v4_bx         0x000032b0        0x0 linker stubs

.iplt           0x000032b0        0x0
 .iplt          0x000032b0        0x0 ./src/hardware/ADC.o

.rel.dyn        0x000032b0        0x0
 .rel.iplt      0x000032b0        0x0 ./src/hardware/ADC.o

.ARM.extab
 *(.ARM.extab* .gnu.linkonce.armextab.*)

.ARM.exidx      0x000032b0        0x0
                0x000032b0                        __exidx_start = .
 *(.ARM.exidx* .gnu.linkonce.armexidx.*)
                0x000032b0                        __exidx_end = .
                0x000032b0                        _etext = .

.data_RAM2      0x20004000        0x0 load address 0x000032b0
 FILL mask 0xff
                [!provide]                        PROVIDE (__start_data_RAM2 = .)
                [!provide]                        PROVIDE (__start_data_RamUsb2 = .)
 *(.ramfunc.$RAM2)
 *(.ramfunc.$RamUsb2)
 *(.data.$RAM2)
 *(.data.$RamUsb2)
 *(.data.$RAM2.*)
 *(.data.$RamUsb2.*)
                0x20004000                        . = ALIGN (0x4)
                [!provide]                        PROVIDE (__end_data_RAM2 = .)
                [!provide]                        PROVIDE (__end_data_RamUsb2 = .)

.uninit_RESERVED
                0x10000000        0x0
                0x10000000                        _start_uninit_RESERVED = .
 *(.bss.$RESERVED*)
                0x10000000                        . = ALIGN (0x4)
                0x10000000                        _end_uninit_RESERVED = .

.data           0x10000000        0x0 load address 0x000032b0
 FILL mask 0xff
                0x10000000                        _data = .
                [!provide]                        PROVIDE (__start_data_RAM = .)
                [!provide]                        PROVIDE (__start_data_RamLoc4 = .)
 *(vtable)
 *(.ramfunc*)
 *(CodeQuickAccess)
 *(DataQuickAccess)
 *(RamFunction)
 *(.data*)
                0x10000000                        . = ALIGN (0x4)
                0x10000000                        _edata = .
                [!provide]                        PROVIDE (__end_data_RAM = .)
                [!provide]                        PROVIDE (__end_data_RamLoc4 = .)

.igot.plt       0x10000000        0x0 load address 0x000032b0
 .igot.plt      0x10000000        0x0 ./src/hardware/ADC.o

.bss_RAM2       0x20004000        0x0
                [!provide]                        PROVIDE (__start_bss_RAM2 = .)
                [!provide]                        PROVIDE (__start_bss_RamUsb2 = .)
 *(.bss.$RAM2)
 *(.bss.$RamUsb2)
 *(.bss.$RAM2.*)
 *(.bss.$RamUsb2.*)
                0x20004000                        . = ALIGN ((. != 0x0)?0x4:0x1)
                [!provide]                        PROVIDE (__end_bss_RAM2 = .)
                [!provide]                        PROVIDE (__end_bss_RamUsb2 = .)

.bss            0x10000000      0x128
                0x10000000                        _bss = .
                [!provide]                        PROVIDE (__start_bss_RAM = .)
                [!provide]                        PROVIDE (__start_bss_RamLoc4 = .)
 *(.bss*)
 .bss.ADCSetup  0x10000000        0x8 ./src/hardware/ADC.o
 .bss.command_buffer.0
                0x10000008       0x20 ./src/hardware/Serial.o
 .bss.comando_ativo.1
                0x10000028        0x4 ./src/hardware/Serial.o
 .bss.buffer_index.2
                0x1000002c        0x4 ./src/hardware/Serial.o
 .bss.txbuff    0x10000030       0x80 ./src/hardware/Serial.o
                0x10000030                txbuff
 .bss.rxbuff    0x100000b0       0x20 ./src/hardware/Serial.o
                0x100000b0                rxbuff
 .bss.rxring    0x100000d0       0x14 ./src/hardware/Serial.o
                0x100000d0                rxring
 .bss.txring    0x100000e4       0x14 ./src/hardware/Serial.o
                0x100000e4                txring
 .bss.hours     0x100000f8        0x4 ./src/ctl/var.o
 .bss.minutes   0x100000fc        0x4 ./src/ctl/var.o
 .bss.seconds   0x10000100        0x4 ./src/ctl/var.o
 .bss.sensorLevel_V
                0x10000104        0x4 ./src/ctl/var.o
 .bss.sensorLevel
                0x10000108        0x4 ./src/ctl/var.o
 .bss.alarmLevel_L
                0x1000010c        0x4 ./src/ctl/var.o
 .bss.alarmLevel_H
                0x10000110        0x4 ./src/ctl/var.o
 .bss.time      0x10000114        0x4 ./src/ctl/var.o
 .bss.language  0x10000118        0x1 ./src/ctl/var.o
 .bss.state     0x10000119        0x1 ./src/ctl/var.o
 *fill*         0x1000011a        0x2 
 .bss.i.0       0x1000011c        0x4 ./src/programa.o
 .bss.millis_counter
                0x10000120        0x4 ./src/programa.o
                0x10000120                millis_counter
 .bss.SystemCoreClock
                0x10000124        0x4 C:\Users\bruno\Documents\LPC11U14\lpc_chip_11uxx_lib\Debug\liblpc_chip_11uxx_lib.a(chip_11xx.o)
                0x10000124                SystemCoreClock
 *(COMMON)
                0x10000128                        . = ALIGN (0x4)
                0x10000128                        _ebss = .
                [!provide]                        PROVIDE (__end_bss_RAM = .)
                [!provide]                        PROVIDE (__end_bss_RamLoc4 = .)
                [!provide]                        PROVIDE (end = .)

.noinit_RAM2    0x20004000        0x0
                [!provide]                        PROVIDE (__start_noinit_RAM2 = .)
                [!provide]                        PROVIDE (__start_noinit_RamUsb2 = .)
 *(.noinit.$RAM2)
 *(.noinit.$RamUsb2)
 *(.noinit.$RAM2.*)
 *(.noinit.$RamUsb2.*)
                0x20004000                        . = ALIGN (0x4)
                [!provide]                        PROVIDE (__end_noinit_RAM2 = .)
                [!provide]                        PROVIDE (__end_noinit_RamUsb2 = .)

.noinit         0x10000128        0x0
                0x10000128                        _noinit = .
                [!provide]                        PROVIDE (__start_noinit_RAM = .)
                [!provide]                        PROVIDE (__start_noinit_RamLoc4 = .)
 *(.noinit*)
                0x10000128                        . = ALIGN (0x4)
                0x10000128                        _end_noinit = .
                [!provide]                        PROVIDE (__end_noinit_RAM = .)
                [!provide]                        PROVIDE (__end_noinit_RamLoc4 = .)
                [!provide]                        PROVIDE (_pvHeapStart = DEFINED (__user_heap_base)?__user_heap_base:.)
                0x10001000                        PROVIDE (_vStackTop = DEFINED (__user_stack_top)?__user_stack_top:(__top_RamLoc4 - 0x0))
                [!provide]                        PROVIDE (__valid_user_code_checksum = (0x0 - (((_vStackTop + (ResetISR + 0x1)) + (DEFINED (NMI_Handler)?NMI_Handler:M0_NMI_Handler + 0x1)) + (DEFINED (HardFault_Handler)?HardFault_Handler:M0_HardFault_Handler + 0x1))))
                0x00000000                        _image_start = LOADADDR (.text)
                0x000032b0                        _image_end = (LOADADDR (.data) + SIZEOF (.data))
                0x000032b0                        _image_size = (_image_end - _image_start)
OUTPUT(PBLE02.axf elf32-littlearm)
LOAD linker stubs

.debug_info     0x00000000    0x10fd2
 .debug_info    0x00000000      0x5d8 ./src/hardware/ADC.o
 .debug_info    0x000005d8      0x766 ./src/hardware/DAC.o
 .debug_info    0x00000d3e      0xd13 ./src/hardware/LCD.o
 .debug_info    0x00001a51      0xe8c ./src/hardware/LED.o
 .debug_info    0x000028dd      0x628 ./src/hardware/RTC.o
 .debug_info    0x00002f05     0x18a0 ./src/hardware/Serial.o
 .debug_info    0x000047a5      0x8e5 ./src/hardware/Teclado.o
 .debug_info    0x0000508a      0x29d ./src/ctl/event.o
 .debug_info    0x00005327      0x6bf ./src/ctl/output.o
 .debug_info    0x000059e6      0x3c2 ./src/ctl/stateMachine.o
 .debug_info    0x00005da8      0x955 ./src/ctl/timer.o
 .debug_info    0x000066fd      0x55b ./src/ctl/var.o
 .debug_info    0x00006c58      0x786 ./src/I2C.o
 .debug_info    0x000073de      0x2af ./src/cr_startup_lpc11xx.o
 .debug_info    0x0000768d     0x102e ./src/programa.o
 .debug_info    0x000086bb       0xa5 ./src/sysinit.o
 .debug_info    0x00008760      0x287 ./src/util.o
 .debug_info    0x000089e7      0xa6f C:\Users\bruno\Documents\LPC11U14\nxp_lpcxpresso_11u14_board_lib\Debug\libnxp_lpcxpresso_11u14_board_lib.a(board_sysinit.o)
 .debug_info    0x00009456      0xd2d C:\Users\bruno\Documents\LPC11U14\lpc_chip_11uxx_lib\Debug\liblpc_chip_11uxx_lib.a(adc_11xx.o)
 .debug_info    0x0000a183       0xc4 C:\Users\bruno\Documents\LPC11U14\lpc_chip_11uxx_lib\Debug\liblpc_chip_11uxx_lib.a(chip_11xx.o)
 .debug_info    0x0000a247      0x94f C:\Users\bruno\Documents\LPC11U14\lpc_chip_11uxx_lib\Debug\liblpc_chip_11uxx_lib.a(clock_11xx.o)
 .debug_info    0x0000ab96      0x9bd C:\Users\bruno\Documents\LPC11U14\lpc_chip_11uxx_lib\Debug\liblpc_chip_11uxx_lib.a(gpio_11xx_1.o)
 .debug_info    0x0000b553      0x14e C:\Users\bruno\Documents\LPC11U14\lpc_chip_11uxx_lib\Debug\liblpc_chip_11uxx_lib.a(iocon_11xx.o)
 .debug_info    0x0000b6a1      0x3a6 C:\Users\bruno\Documents\LPC11U14\lpc_chip_11uxx_lib\Debug\liblpc_chip_11uxx_lib.a(ring_buffer.o)
 .debug_info    0x0000ba47      0x5b5 C:\Users\bruno\Documents\LPC11U14\lpc_chip_11uxx_lib\Debug\liblpc_chip_11uxx_lib.a(sysctl_11xx.o)
 .debug_info    0x0000bffc      0xff8 C:\Users\bruno\Documents\LPC11U14\lpc_chip_11uxx_lib\Debug\liblpc_chip_11uxx_lib.a(uart_11xx.o)
 .debug_info    0x0000cff4      0x12b C:/nxp/MCUXpressoIDE_24.12.148/ide/plugins/com.nxp.mcuxpresso.tools.win32_24.12.0.202407110909/tools/bin/../lib/gcc/arm-none-eabi/13.2.1/../../../../arm-none-eabi/lib/thumb/v6-m/nofp\libcr_c.a(memcpy.o)
 .debug_info    0x0000d11f       0x4a C:/nxp/MCUXpressoIDE_24.12.148/ide/plugins/com.nxp.mcuxpresso.tools.win32_24.12.0.202407110909/tools/bin/../lib/gcc/arm-none-eabi/13.2.1/../../../../arm-none-eabi/lib/thumb/v6-m/nofp\libcr_c.a(__weak__main.o)
 .debug_info    0x0000d169       0xfa C:/nxp/MCUXpressoIDE_24.12.148/ide/plugins/com.nxp.mcuxpresso.tools.win32_24.12.0.202407110909/tools/bin/../lib/gcc/arm-none-eabi/13.2.1/../../../../arm-none-eabi/lib/thumb/v6-m/nofp\libcr_c.a(strcmp.o)
 .debug_info    0x0000d263     0x21fe C:/nxp/MCUXpressoIDE_24.12.148/ide/plugins/com.nxp.mcuxpresso.tools.win32_24.12.0.202407110909/tools/bin/../lib/gcc/arm-none-eabi/13.2.1/thumb/v6-m/nofp\libcr_eabihelpers.a(double.o)
 .debug_info    0x0000f461     0x1b71 C:/nxp/MCUXpressoIDE_24.12.148/ide/plugins/com.nxp.mcuxpresso.tools.win32_24.12.0.202407110909/tools/bin/../lib/gcc/arm-none-eabi/13.2.1/thumb/v6-m/nofp\libcr_eabihelpers.a(float.o)

.debug_abbrev   0x00000000     0x34b0
 .debug_abbrev  0x00000000      0x192 ./src/hardware/ADC.o
 .debug_abbrev  0x00000192      0x16a ./src/hardware/DAC.o
 .debug_abbrev  0x000002fc      0x26d ./src/hardware/LCD.o
 .debug_abbrev  0x00000569      0x25b ./src/hardware/LED.o
 .debug_abbrev  0x000007c4      0x14d ./src/hardware/RTC.o
 .debug_abbrev  0x00000911      0x425 ./src/hardware/Serial.o
 .debug_abbrev  0x00000d36      0x212 ./src/hardware/Teclado.o
 .debug_abbrev  0x00000f48      0x140 ./src/ctl/event.o
 .debug_abbrev  0x00001088      0x17c ./src/ctl/output.o
 .debug_abbrev  0x00001204      0x126 ./src/ctl/stateMachine.o
 .debug_abbrev  0x0000132a      0x1e3 ./src/ctl/timer.o
 .debug_abbrev  0x0000150d      0x1bb ./src/ctl/var.o
 .debug_abbrev  0x000016c8      0x174 ./src/I2C.o
 .debug_abbrev  0x0000183c      0x126 ./src/cr_startup_lpc11xx.o
 .debug_abbrev  0x00001962      0x368 ./src/programa.o
 .debug_abbrev  0x00001cca       0x62 ./src/sysinit.o
 .debug_abbrev  0x00001d2c       0xff ./src/util.o
 .debug_abbrev  0x00001e2b      0x23c C:\Users\bruno\Documents\LPC11U14\nxp_lpcxpresso_11u14_board_lib\Debug\libnxp_lpcxpresso_11u14_board_lib.a(board_sysinit.o)
 .debug_abbrev  0x00002067      0x250 C:\Users\bruno\Documents\LPC11U14\lpc_chip_11uxx_lib\Debug\liblpc_chip_11uxx_lib.a(adc_11xx.o)
 .debug_abbrev  0x000022b7       0x8d C:\Users\bruno\Documents\LPC11U14\lpc_chip_11uxx_lib\Debug\liblpc_chip_11uxx_lib.a(chip_11xx.o)
 .debug_abbrev  0x00002344      0x1ea C:\Users\bruno\Documents\LPC11U14\lpc_chip_11uxx_lib\Debug\liblpc_chip_11uxx_lib.a(clock_11xx.o)
 .debug_abbrev  0x0000252e      0x19c C:\Users\bruno\Documents\LPC11U14\lpc_chip_11uxx_lib\Debug\liblpc_chip_11uxx_lib.a(gpio_11xx_1.o)
 .debug_abbrev  0x000026ca       0xbc C:\Users\bruno\Documents\LPC11U14\lpc_chip_11uxx_lib\Debug\liblpc_chip_11uxx_lib.a(iocon_11xx.o)
 .debug_abbrev  0x00002786      0x168 C:\Users\bruno\Documents\LPC11U14\lpc_chip_11uxx_lib\Debug\liblpc_chip_11uxx_lib.a(ring_buffer.o)
 .debug_abbrev  0x000028ee       0xe5 C:\Users\bruno\Documents\LPC11U14\lpc_chip_11uxx_lib\Debug\liblpc_chip_11uxx_lib.a(sysctl_11xx.o)
 .debug_abbrev  0x000029d3      0x26b C:\Users\bruno\Documents\LPC11U14\lpc_chip_11uxx_lib\Debug\liblpc_chip_11uxx_lib.a(uart_11xx.o)
 .debug_abbrev  0x00002c3e       0xb3 C:/nxp/MCUXpressoIDE_24.12.148/ide/plugins/com.nxp.mcuxpresso.tools.win32_24.12.0.202407110909/tools/bin/../lib/gcc/arm-none-eabi/13.2.1/../../../../arm-none-eabi/lib/thumb/v6-m/nofp\libcr_c.a(memcpy.o)
 .debug_abbrev  0x00002cf1       0x4c C:/nxp/MCUXpressoIDE_24.12.148/ide/plugins/com.nxp.mcuxpresso.tools.win32_24.12.0.202407110909/tools/bin/../lib/gcc/arm-none-eabi/13.2.1/../../../../arm-none-eabi/lib/thumb/v6-m/nofp\libcr_c.a(__weak__main.o)
 .debug_abbrev  0x00002d3d       0x9f C:/nxp/MCUXpressoIDE_24.12.148/ide/plugins/com.nxp.mcuxpresso.tools.win32_24.12.0.202407110909/tools/bin/../lib/gcc/arm-none-eabi/13.2.1/../../../../arm-none-eabi/lib/thumb/v6-m/nofp\libcr_c.a(strcmp.o)
 .debug_abbrev  0x00002ddc      0x37b C:/nxp/MCUXpressoIDE_24.12.148/ide/plugins/com.nxp.mcuxpresso.tools.win32_24.12.0.202407110909/tools/bin/../lib/gcc/arm-none-eabi/13.2.1/thumb/v6-m/nofp\libcr_eabihelpers.a(double.o)
 .debug_abbrev  0x00003157      0x359 C:/nxp/MCUXpressoIDE_24.12.148/ide/plugins/com.nxp.mcuxpresso.tools.win32_24.12.0.202407110909/tools/bin/../lib/gcc/arm-none-eabi/13.2.1/thumb/v6-m/nofp\libcr_eabihelpers.a(float.o)

.debug_aranges  0x00000000      0xa68
 .debug_aranges
                0x00000000       0x28 ./src/hardware/ADC.o
 .debug_aranges
                0x00000028       0x30 ./src/hardware/DAC.o
 .debug_aranges
                0x00000058       0x68 ./src/hardware/LCD.o
 .debug_aranges
                0x000000c0       0x40 ./src/hardware/LED.o
 .debug_aranges
                0x00000100       0x58 ./src/hardware/RTC.o
 .debug_aranges
                0x00000158       0x70 ./src/hardware/Serial.o
 .debug_aranges
                0x000001c8       0x38 ./src/hardware/Teclado.o
 .debug_aranges
                0x00000200       0x28 ./src/ctl/event.o
 .debug_aranges
                0x00000228       0x28 ./src/ctl/output.o
 .debug_aranges
                0x00000250       0x28 ./src/ctl/stateMachine.o
 .debug_aranges
                0x00000278       0x28 ./src/ctl/timer.o
 .debug_aranges
                0x000002a0       0xc0 ./src/ctl/var.o
 .debug_aranges
                0x00000360       0x30 ./src/I2C.o
 .debug_aranges
                0x00000390       0x60 ./src/cr_startup_lpc11xx.o
 .debug_aranges
                0x000003f0       0x20 ./src/programa.o
 .debug_aranges
                0x00000410       0x20 ./src/sysinit.o
 .debug_aranges
                0x00000430       0x30 ./src/util.o
 .debug_aranges
                0x00000460       0x68 C:\Users\bruno\Documents\LPC11U14\nxp_lpcxpresso_11u14_board_lib\Debug\libnxp_lpcxpresso_11u14_board_lib.a(board_sysinit.o)
 .debug_aranges
                0x000004c8       0xa0 C:\Users\bruno\Documents\LPC11U14\lpc_chip_11uxx_lib\Debug\liblpc_chip_11uxx_lib.a(adc_11xx.o)
 .debug_aranges
                0x00000568       0x20 C:\Users\bruno\Documents\LPC11U14\lpc_chip_11uxx_lib\Debug\liblpc_chip_11uxx_lib.a(chip_11xx.o)
 .debug_aranges
                0x00000588       0xa0 C:\Users\bruno\Documents\LPC11U14\lpc_chip_11uxx_lib\Debug\liblpc_chip_11uxx_lib.a(clock_11xx.o)
 .debug_aranges
                0x00000628       0x78 C:\Users\bruno\Documents\LPC11U14\lpc_chip_11uxx_lib\Debug\liblpc_chip_11uxx_lib.a(gpio_11xx_1.o)
 .debug_aranges
                0x000006a0       0x20 C:\Users\bruno\Documents\LPC11U14\lpc_chip_11uxx_lib\Debug\liblpc_chip_11uxx_lib.a(iocon_11xx.o)
 .debug_aranges
                0x000006c0       0x60 C:\Users\bruno\Documents\LPC11U14\lpc_chip_11uxx_lib\Debug\liblpc_chip_11uxx_lib.a(ring_buffer.o)
 .debug_aranges
                0x00000720       0x38 C:\Users\bruno\Documents\LPC11U14\lpc_chip_11uxx_lib\Debug\liblpc_chip_11uxx_lib.a(sysctl_11xx.o)
 .debug_aranges
                0x00000758       0xf0 C:\Users\bruno\Documents\LPC11U14\lpc_chip_11uxx_lib\Debug\liblpc_chip_11uxx_lib.a(uart_11xx.o)
 .debug_aranges
                0x00000848       0x20 C:/nxp/MCUXpressoIDE_24.12.148/ide/plugins/com.nxp.mcuxpresso.tools.win32_24.12.0.202407110909/tools/bin/../lib/gcc/arm-none-eabi/13.2.1/../../../../arm-none-eabi/lib/thumb/v6-m/nofp\libcr_c.a(memcpy.o)
 .debug_aranges
                0x00000868       0x20 C:/nxp/MCUXpressoIDE_24.12.148/ide/plugins/com.nxp.mcuxpresso.tools.win32_24.12.0.202407110909/tools/bin/../lib/gcc/arm-none-eabi/13.2.1/../../../../arm-none-eabi/lib/thumb/v6-m/nofp\libcr_c.a(__weak__main.o)
 .debug_aranges
                0x00000888       0x20 C:/nxp/MCUXpressoIDE_24.12.148/ide/plugins/com.nxp.mcuxpresso.tools.win32_24.12.0.202407110909/tools/bin/../lib/gcc/arm-none-eabi/13.2.1/../../../../arm-none-eabi/lib/thumb/v6-m/nofp\libcr_c.a(strcmp.o)
 .debug_aranges
                0x000008a8       0xe0 C:/nxp/MCUXpressoIDE_24.12.148/ide/plugins/com.nxp.mcuxpresso.tools.win32_24.12.0.202407110909/tools/bin/../lib/gcc/arm-none-eabi/13.2.1/thumb/v6-m/nofp\libcr_eabihelpers.a(double.o)
 .debug_aranges
                0x00000988       0xe0 C:/nxp/MCUXpressoIDE_24.12.148/ide/plugins/com.nxp.mcuxpresso.tools.win32_24.12.0.202407110909/tools/bin/../lib/gcc/arm-none-eabi/13.2.1/thumb/v6-m/nofp\libcr_eabihelpers.a(float.o)

.debug_ranges   0x00000000     0x1308
 .debug_ranges  0x00000000       0x38 ./src/hardware/ADC.o
 .debug_ranges  0x00000038       0x20 ./src/hardware/DAC.o
 .debug_ranges  0x00000058      0x1d8 ./src/hardware/LCD.o
 .debug_ranges  0x00000230      0x108 ./src/hardware/LED.o
 .debug_ranges  0x00000338      0x120 ./src/hardware/RTC.o
 .debug_ranges  0x00000458      0x210 ./src/hardware/Serial.o
 .debug_ranges  0x00000668       0x70 ./src/hardware/Teclado.o
 .debug_ranges  0x000006d8       0x18 ./src/ctl/event.o
 .debug_ranges  0x000006f0       0x60 ./src/ctl/output.o
 .debug_ranges  0x00000750       0x30 ./src/ctl/stateMachine.o
 .debug_ranges  0x00000780       0x50 ./src/ctl/timer.o
 .debug_ranges  0x000007d0       0xc8 ./src/ctl/var.o
 .debug_ranges  0x00000898       0x20 ./src/I2C.o
 .debug_ranges  0x000008b8       0x50 ./src/cr_startup_lpc11xx.o
 .debug_ranges  0x00000908       0xd0 ./src/programa.o
 .debug_ranges  0x000009d8       0x10 ./src/sysinit.o
 .debug_ranges  0x000009e8       0x58 ./src/util.o
 .debug_ranges  0x00000a40       0x58 C:\Users\bruno\Documents\LPC11U14\nxp_lpcxpresso_11u14_board_lib\Debug\libnxp_lpcxpresso_11u14_board_lib.a(board_sysinit.o)
 .debug_ranges  0x00000a98       0x90 C:\Users\bruno\Documents\LPC11U14\lpc_chip_11uxx_lib\Debug\liblpc_chip_11uxx_lib.a(adc_11xx.o)
 .debug_ranges  0x00000b28       0x10 C:\Users\bruno\Documents\LPC11U14\lpc_chip_11uxx_lib\Debug\liblpc_chip_11uxx_lib.a(chip_11xx.o)
 .debug_ranges  0x00000b38       0x90 C:\Users\bruno\Documents\LPC11U14\lpc_chip_11uxx_lib\Debug\liblpc_chip_11uxx_lib.a(clock_11xx.o)
 .debug_ranges  0x00000bc8       0x68 C:\Users\bruno\Documents\LPC11U14\lpc_chip_11uxx_lib\Debug\liblpc_chip_11uxx_lib.a(gpio_11xx_1.o)
 .debug_ranges  0x00000c30       0x10 C:\Users\bruno\Documents\LPC11U14\lpc_chip_11uxx_lib\Debug\liblpc_chip_11uxx_lib.a(iocon_11xx.o)
 .debug_ranges  0x00000c40       0x50 C:\Users\bruno\Documents\LPC11U14\lpc_chip_11uxx_lib\Debug\liblpc_chip_11uxx_lib.a(ring_buffer.o)
 .debug_ranges  0x00000c90       0x28 C:\Users\bruno\Documents\LPC11U14\lpc_chip_11uxx_lib\Debug\liblpc_chip_11uxx_lib.a(sysctl_11xx.o)
 .debug_ranges  0x00000cb8       0xe0 C:\Users\bruno\Documents\LPC11U14\lpc_chip_11uxx_lib\Debug\liblpc_chip_11uxx_lib.a(uart_11xx.o)
 .debug_ranges  0x00000d98       0x10 C:/nxp/MCUXpressoIDE_24.12.148/ide/plugins/com.nxp.mcuxpresso.tools.win32_24.12.0.202407110909/tools/bin/../lib/gcc/arm-none-eabi/13.2.1/../../../../arm-none-eabi/lib/thumb/v6-m/nofp\libcr_c.a(memcpy.o)
 .debug_ranges  0x00000da8       0x10 C:/nxp/MCUXpressoIDE_24.12.148/ide/plugins/com.nxp.mcuxpresso.tools.win32_24.12.0.202407110909/tools/bin/../lib/gcc/arm-none-eabi/13.2.1/../../../../arm-none-eabi/lib/thumb/v6-m/nofp\libcr_c.a(__weak__main.o)
 .debug_ranges  0x00000db8       0x40 C:/nxp/MCUXpressoIDE_24.12.148/ide/plugins/com.nxp.mcuxpresso.tools.win32_24.12.0.202407110909/tools/bin/../lib/gcc/arm-none-eabi/13.2.1/../../../../arm-none-eabi/lib/thumb/v6-m/nofp\libcr_c.a(strcmp.o)
 .debug_ranges  0x00000df8      0x290 C:/nxp/MCUXpressoIDE_24.12.148/ide/plugins/com.nxp.mcuxpresso.tools.win32_24.12.0.202407110909/tools/bin/../lib/gcc/arm-none-eabi/13.2.1/thumb/v6-m/nofp\libcr_eabihelpers.a(double.o)
 .debug_ranges  0x00001088      0x280 C:/nxp/MCUXpressoIDE_24.12.148/ide/plugins/com.nxp.mcuxpresso.tools.win32_24.12.0.202407110909/tools/bin/../lib/gcc/arm-none-eabi/13.2.1/thumb/v6-m/nofp\libcr_eabihelpers.a(float.o)

.debug_line     0x00000000     0x9fd7
 .debug_line    0x00000000      0x1a9 ./src/hardware/ADC.o
 .debug_line    0x000001a9      0x229 ./src/hardware/DAC.o
 .debug_line    0x000003d2      0x64f ./src/hardware/LCD.o
 .debug_line    0x00000a21      0x470 ./src/hardware/LED.o
 .debug_line    0x00000e91      0x3b3 ./src/hardware/RTC.o
 .debug_line    0x00001244      0xa23 ./src/hardware/Serial.o
 .debug_line    0x00001c67      0x3ea ./src/hardware/Teclado.o
 .debug_line    0x00002051      0x15f ./src/ctl/event.o
 .debug_line    0x000021b0      0x350 ./src/ctl/output.o
 .debug_line    0x00002500      0x29c ./src/ctl/stateMachine.o
 .debug_line    0x0000279c      0x230 ./src/ctl/timer.o
 .debug_line    0x000029cc      0x58a ./src/ctl/var.o
 .debug_line    0x00002f56      0x352 ./src/I2C.o
 .debug_line    0x000032a8      0x13b ./src/cr_startup_lpc11xx.o
 .debug_line    0x000033e3      0x479 ./src/programa.o
 .debug_line    0x0000385c       0xa5 ./src/sysinit.o
 .debug_line    0x00003901      0x1b9 ./src/util.o
 .debug_line    0x00003aba      0x54e C:\Users\bruno\Documents\LPC11U14\nxp_lpcxpresso_11u14_board_lib\Debug\libnxp_lpcxpresso_11u14_board_lib.a(board_sysinit.o)
 .debug_line    0x00004008      0x61b C:\Users\bruno\Documents\LPC11U14\lpc_chip_11uxx_lib\Debug\liblpc_chip_11uxx_lib.a(adc_11xx.o)
 .debug_line    0x00004623      0x352 C:\Users\bruno\Documents\LPC11U14\lpc_chip_11uxx_lib\Debug\liblpc_chip_11uxx_lib.a(chip_11xx.o)
 .debug_line    0x00004975      0x5df C:\Users\bruno\Documents\LPC11U14\lpc_chip_11uxx_lib\Debug\liblpc_chip_11uxx_lib.a(clock_11xx.o)
 .debug_line    0x00004f54      0x4db C:\Users\bruno\Documents\LPC11U14\lpc_chip_11uxx_lib\Debug\liblpc_chip_11uxx_lib.a(gpio_11xx_1.o)
 .debug_line    0x0000542f      0x35b C:\Users\bruno\Documents\LPC11U14\lpc_chip_11uxx_lib\Debug\liblpc_chip_11uxx_lib.a(iocon_11xx.o)
 .debug_line    0x0000578a      0x43c C:\Users\bruno\Documents\LPC11U14\lpc_chip_11uxx_lib\Debug\liblpc_chip_11uxx_lib.a(ring_buffer.o)
 .debug_line    0x00005bc6      0x3cf C:\Users\bruno\Documents\LPC11U14\lpc_chip_11uxx_lib\Debug\liblpc_chip_11uxx_lib.a(sysctl_11xx.o)
 .debug_line    0x00005f95      0x788 C:\Users\bruno\Documents\LPC11U14\lpc_chip_11uxx_lib\Debug\liblpc_chip_11uxx_lib.a(uart_11xx.o)
 .debug_line    0x0000671d      0x112 C:/nxp/MCUXpressoIDE_24.12.148/ide/plugins/com.nxp.mcuxpresso.tools.win32_24.12.0.202407110909/tools/bin/../lib/gcc/arm-none-eabi/13.2.1/../../../../arm-none-eabi/lib/thumb/v6-m/nofp\libcr_c.a(memcpy.o)
 .debug_line    0x0000682f       0x56 C:/nxp/MCUXpressoIDE_24.12.148/ide/plugins/com.nxp.mcuxpresso.tools.win32_24.12.0.202407110909/tools/bin/../lib/gcc/arm-none-eabi/13.2.1/../../../../arm-none-eabi/lib/thumb/v6-m/nofp\libcr_c.a(__weak__main.o)
 .debug_line    0x00006885       0xc0 C:/nxp/MCUXpressoIDE_24.12.148/ide/plugins/com.nxp.mcuxpresso.tools.win32_24.12.0.202407110909/tools/bin/../lib/gcc/arm-none-eabi/13.2.1/../../../../arm-none-eabi/lib/thumb/v6-m/nofp\libcr_c.a(strcmp.o)
 .debug_line    0x00006945     0x1f07 C:/nxp/MCUXpressoIDE_24.12.148/ide/plugins/com.nxp.mcuxpresso.tools.win32_24.12.0.202407110909/tools/bin/../lib/gcc/arm-none-eabi/13.2.1/thumb/v6-m/nofp\libcr_eabihelpers.a(double.o)
 .debug_line    0x0000884c     0x178b C:/nxp/MCUXpressoIDE_24.12.148/ide/plugins/com.nxp.mcuxpresso.tools.win32_24.12.0.202407110909/tools/bin/../lib/gcc/arm-none-eabi/13.2.1/thumb/v6-m/nofp\libcr_eabihelpers.a(float.o)

.debug_str      0x00000000     0xb59d
 .debug_str     0x00000000     0xb59d ./src/hardware/ADC.o
                                0x54d (size before relaxing)
 .debug_str     0x0000b59d      0x535 ./src/hardware/DAC.o
 .debug_str     0x0000b59d      0x2ce ./src/hardware/LCD.o
 .debug_str     0x0000b59d      0x7a4 ./src/hardware/LED.o
 .debug_str     0x0000b59d      0x30a ./src/hardware/RTC.o
 .debug_str     0x0000b59d      0xe09 ./src/hardware/Serial.o
 .debug_str     0x0000b59d      0x24c ./src/hardware/Teclado.o
 .debug_str     0x0000b59d      0x2cf ./src/ctl/event.o
 .debug_str     0x0000b59d      0x36a ./src/ctl/output.o
 .debug_str     0x0000b59d      0x344 ./src/ctl/stateMachine.o
 .debug_str     0x0000b59d      0x98c ./src/ctl/timer.o
 .debug_str     0x0000b59d      0x3b4 ./src/ctl/var.o
 .debug_str     0x0000b59d      0x4ff ./src/I2C.o
 .debug_str     0x0000b59d      0x251 ./src/cr_startup_lpc11xx.o
 .debug_str     0x0000b59d      0xbf4 ./src/programa.o
 .debug_str     0x0000b59d      0x1b4 ./src/sysinit.o
 .debug_str     0x0000b59d      0x1e8 ./src/util.o
 .debug_str     0x0000b59d     0x9223 C:\Users\bruno\Documents\LPC11U14\nxp_lpcxpresso_11u14_board_lib\Debug\libnxp_lpcxpresso_11u14_board_lib.a(board_sysinit.o)
 .debug_str     0x0000b59d     0x8f9b C:\Users\bruno\Documents\LPC11U14\lpc_chip_11uxx_lib\Debug\liblpc_chip_11uxx_lib.a(adc_11xx.o)
 .debug_str     0x0000b59d     0x85f2 C:\Users\bruno\Documents\LPC11U14\lpc_chip_11uxx_lib\Debug\liblpc_chip_11uxx_lib.a(chip_11xx.o)
 .debug_str     0x0000b59d     0x8de9 C:\Users\bruno\Documents\LPC11U14\lpc_chip_11uxx_lib\Debug\liblpc_chip_11uxx_lib.a(clock_11xx.o)
 .debug_str     0x0000b59d     0x8c3d C:\Users\bruno\Documents\LPC11U14\lpc_chip_11uxx_lib\Debug\liblpc_chip_11uxx_lib.a(gpio_11xx_1.o)
 .debug_str     0x0000b59d     0x85f7 C:\Users\bruno\Documents\LPC11U14\lpc_chip_11uxx_lib\Debug\liblpc_chip_11uxx_lib.a(iocon_11xx.o)
 .debug_str     0x0000b59d     0x487b C:\Users\bruno\Documents\LPC11U14\lpc_chip_11uxx_lib\Debug\liblpc_chip_11uxx_lib.a(ring_buffer.o)
 .debug_str     0x0000b59d     0x89e2 C:\Users\bruno\Documents\LPC11U14\lpc_chip_11uxx_lib\Debug\liblpc_chip_11uxx_lib.a(sysctl_11xx.o)
 .debug_str     0x0000b59d     0x8e9e C:\Users\bruno\Documents\LPC11U14\lpc_chip_11uxx_lib\Debug\liblpc_chip_11uxx_lib.a(uart_11xx.o)
 .debug_str     0x0000b59d      0x1b8 C:/nxp/MCUXpressoIDE_24.12.148/ide/plugins/com.nxp.mcuxpresso.tools.win32_24.12.0.202407110909/tools/bin/../lib/gcc/arm-none-eabi/13.2.1/../../../../arm-none-eabi/lib/thumb/v6-m/nofp\libcr_c.a(memcpy.o)
 .debug_str     0x0000b59d      0x127 C:/nxp/MCUXpressoIDE_24.12.148/ide/plugins/com.nxp.mcuxpresso.tools.win32_24.12.0.202407110909/tools/bin/../lib/gcc/arm-none-eabi/13.2.1/../../../../arm-none-eabi/lib/thumb/v6-m/nofp\libcr_c.a(__weak__main.o)
 .debug_str     0x0000b59d      0x15d C:/nxp/MCUXpressoIDE_24.12.148/ide/plugins/com.nxp.mcuxpresso.tools.win32_24.12.0.202407110909/tools/bin/../lib/gcc/arm-none-eabi/13.2.1/../../../../arm-none-eabi/lib/thumb/v6-m/nofp\libcr_c.a(strcmp.o)
 .debug_str     0x0000b59d      0x382 C:/nxp/MCUXpressoIDE_24.12.148/ide/plugins/com.nxp.mcuxpresso.tools.win32_24.12.0.202407110909/tools/bin/../lib/gcc/arm-none-eabi/13.2.1/thumb/v6-m/nofp\libcr_eabihelpers.a(double.o)
 .debug_str     0x0000b59d      0x361 C:/nxp/MCUXpressoIDE_24.12.148/ide/plugins/com.nxp.mcuxpresso.tools.win32_24.12.0.202407110909/tools/bin/../lib/gcc/arm-none-eabi/13.2.1/thumb/v6-m/nofp\libcr_eabihelpers.a(float.o)

.comment        0x00000000       0x44
 .comment       0x00000000       0x44 ./src/hardware/ADC.o
                                 0x45 (size before relaxing)
 .comment       0x00000044       0x45 ./src/hardware/DAC.o
 .comment       0x00000044       0x45 ./src/hardware/LCD.o
 .comment       0x00000044       0x45 ./src/hardware/LED.o
 .comment       0x00000044       0x45 ./src/hardware/RTC.o
 .comment       0x00000044       0x45 ./src/hardware/Serial.o
 .comment       0x00000044       0x45 ./src/hardware/Teclado.o
 .comment       0x00000044       0x45 ./src/ctl/event.o
 .comment       0x00000044       0x45 ./src/ctl/output.o
 .comment       0x00000044       0x45 ./src/ctl/stateMachine.o
 .comment       0x00000044       0x45 ./src/ctl/timer.o
 .comment       0x00000044       0x45 ./src/ctl/var.o
 .comment       0x00000044       0x45 ./src/I2C.o
 .comment       0x00000044       0x45 ./src/cr_startup_lpc11xx.o
 .comment       0x00000044       0x45 ./src/programa.o
 .comment       0x00000044       0x45 ./src/sysinit.o
 .comment       0x00000044       0x45 ./src/util.o
 .comment       0x00000044       0x45 C:\Users\bruno\Documents\LPC11U14\nxp_lpcxpresso_11u14_board_lib\Debug\libnxp_lpcxpresso_11u14_board_lib.a(board_sysinit.o)
 .comment       0x00000044       0x45 C:\Users\bruno\Documents\LPC11U14\lpc_chip_11uxx_lib\Debug\liblpc_chip_11uxx_lib.a(adc_11xx.o)
 .comment       0x00000044       0x45 C:\Users\bruno\Documents\LPC11U14\lpc_chip_11uxx_lib\Debug\liblpc_chip_11uxx_lib.a(chip_11xx.o)
 .comment       0x00000044       0x45 C:\Users\bruno\Documents\LPC11U14\lpc_chip_11uxx_lib\Debug\liblpc_chip_11uxx_lib.a(clock_11xx.o)
 .comment       0x00000044       0x45 C:\Users\bruno\Documents\LPC11U14\lpc_chip_11uxx_lib\Debug\liblpc_chip_11uxx_lib.a(gpio_11xx_1.o)
 .comment       0x00000044       0x45 C:\Users\bruno\Documents\LPC11U14\lpc_chip_11uxx_lib\Debug\liblpc_chip_11uxx_lib.a(iocon_11xx.o)
 .comment       0x00000044       0x45 C:\Users\bruno\Documents\LPC11U14\lpc_chip_11uxx_lib\Debug\liblpc_chip_11uxx_lib.a(ring_buffer.o)
 .comment       0x00000044       0x45 C:\Users\bruno\Documents\LPC11U14\lpc_chip_11uxx_lib\Debug\liblpc_chip_11uxx_lib.a(sysctl_11xx.o)
 .comment       0x00000044       0x45 C:\Users\bruno\Documents\LPC11U14\lpc_chip_11uxx_lib\Debug\liblpc_chip_11uxx_lib.a(uart_11xx.o)
 .comment       0x00000044       0x45 C:/nxp/MCUXpressoIDE_24.12.148/ide/plugins/com.nxp.mcuxpresso.tools.win32_24.12.0.202407110909/tools/bin/../lib/gcc/arm-none-eabi/13.2.1/../../../../arm-none-eabi/lib/thumb/v6-m/nofp\libcr_c.a(memcpy.o)
 .comment       0x00000044       0x45 C:/nxp/MCUXpressoIDE_24.12.148/ide/plugins/com.nxp.mcuxpresso.tools.win32_24.12.0.202407110909/tools/bin/../lib/gcc/arm-none-eabi/13.2.1/../../../../arm-none-eabi/lib/thumb/v6-m/nofp\libcr_c.a(__weak__main.o)
 .comment       0x00000044       0x45 C:/nxp/MCUXpressoIDE_24.12.148/ide/plugins/com.nxp.mcuxpresso.tools.win32_24.12.0.202407110909/tools/bin/../lib/gcc/arm-none-eabi/13.2.1/../../../../arm-none-eabi/lib/thumb/v6-m/nofp\libcr_c.a(strcmp.o)
 .comment       0x00000044       0x45 C:/nxp/MCUXpressoIDE_24.12.148/ide/plugins/com.nxp.mcuxpresso.tools.win32_24.12.0.202407110909/tools/bin/../lib/gcc/arm-none-eabi/13.2.1/thumb/v6-m/nofp\libcr_eabihelpers.a(double.o)
 .comment       0x00000044       0x45 C:/nxp/MCUXpressoIDE_24.12.148/ide/plugins/com.nxp.mcuxpresso.tools.win32_24.12.0.202407110909/tools/bin/../lib/gcc/arm-none-eabi/13.2.1/thumb/v6-m/nofp\libcr_eabihelpers.a(float.o)

.ARM.attributes
                0x00000000       0x2a
 .ARM.attributes
                0x00000000       0x2c ./src/hardware/ADC.o
 .ARM.attributes
                0x0000002c       0x2c ./src/hardware/DAC.o
 .ARM.attributes
                0x00000058       0x2c ./src/hardware/LCD.o
 .ARM.attributes
                0x00000084       0x2c ./src/hardware/LED.o
 .ARM.attributes
                0x000000b0       0x2c ./src/hardware/RTC.o
 .ARM.attributes
                0x000000dc       0x2c ./src/hardware/Serial.o
 .ARM.attributes
                0x00000108       0x2c ./src/hardware/Teclado.o
 .ARM.attributes
                0x00000134       0x2c ./src/ctl/event.o
 .ARM.attributes
                0x00000160       0x2c ./src/ctl/output.o
 .ARM.attributes
                0x0000018c       0x2c ./src/ctl/stateMachine.o
 .ARM.attributes
                0x000001b8       0x2c ./src/ctl/timer.o
 .ARM.attributes
                0x000001e4       0x2c ./src/ctl/var.o
 .ARM.attributes
                0x00000210       0x2c ./src/I2C.o
 .ARM.attributes
                0x0000023c       0x2c ./src/cr_startup_lpc11xx.o
 .ARM.attributes
                0x00000268       0x2c ./src/programa.o
 .ARM.attributes
                0x00000294       0x2c ./src/sysinit.o
 .ARM.attributes
                0x000002c0       0x2c ./src/util.o
 .ARM.attributes
                0x000002ec       0x2c C:\Users\bruno\Documents\LPC11U14\nxp_lpcxpresso_11u14_board_lib\Debug\libnxp_lpcxpresso_11u14_board_lib.a(board_sysinit.o)
 .ARM.attributes
                0x00000318       0x2c C:\Users\bruno\Documents\LPC11U14\lpc_chip_11uxx_lib\Debug\liblpc_chip_11uxx_lib.a(adc_11xx.o)
 .ARM.attributes
                0x00000344       0x2c C:\Users\bruno\Documents\LPC11U14\lpc_chip_11uxx_lib\Debug\liblpc_chip_11uxx_lib.a(chip_11xx.o)
 .ARM.attributes
                0x00000370       0x2c C:\Users\bruno\Documents\LPC11U14\lpc_chip_11uxx_lib\Debug\liblpc_chip_11uxx_lib.a(clock_11xx.o)
 .ARM.attributes
                0x0000039c       0x2c C:\Users\bruno\Documents\LPC11U14\lpc_chip_11uxx_lib\Debug\liblpc_chip_11uxx_lib.a(gpio_11xx_1.o)
 .ARM.attributes
                0x000003c8       0x2c C:\Users\bruno\Documents\LPC11U14\lpc_chip_11uxx_lib\Debug\liblpc_chip_11uxx_lib.a(iocon_11xx.o)
 .ARM.attributes
                0x000003f4       0x2c C:\Users\bruno\Documents\LPC11U14\lpc_chip_11uxx_lib\Debug\liblpc_chip_11uxx_lib.a(ring_buffer.o)
 .ARM.attributes
                0x00000420       0x2c C:\Users\bruno\Documents\LPC11U14\lpc_chip_11uxx_lib\Debug\liblpc_chip_11uxx_lib.a(sysctl_11xx.o)
 .ARM.attributes
                0x0000044c       0x2c C:\Users\bruno\Documents\LPC11U14\lpc_chip_11uxx_lib\Debug\liblpc_chip_11uxx_lib.a(uart_11xx.o)
 .ARM.attributes
                0x00000478       0x2c C:/nxp/MCUXpressoIDE_24.12.148/ide/plugins/com.nxp.mcuxpresso.tools.win32_24.12.0.202407110909/tools/bin/../lib/gcc/arm-none-eabi/13.2.1/../../../../arm-none-eabi/lib/thumb/v6-m/nofp\libcr_c.a(memcpy.o)
 .ARM.attributes
                0x000004a4       0x2c C:/nxp/MCUXpressoIDE_24.12.148/ide/plugins/com.nxp.mcuxpresso.tools.win32_24.12.0.202407110909/tools/bin/../lib/gcc/arm-none-eabi/13.2.1/../../../../arm-none-eabi/lib/thumb/v6-m/nofp\libcr_c.a(__weak__main.o)
 .ARM.attributes
                0x000004d0       0x2c C:/nxp/MCUXpressoIDE_24.12.148/ide/plugins/com.nxp.mcuxpresso.tools.win32_24.12.0.202407110909/tools/bin/../lib/gcc/arm-none-eabi/13.2.1/../../../../arm-none-eabi/lib/thumb/v6-m/nofp\libcr_c.a(strcmp.o)
 .ARM.attributes
                0x000004fc       0x1c C:/nxp/MCUXpressoIDE_24.12.148/ide/plugins/com.nxp.mcuxpresso.tools.win32_24.12.0.202407110909/tools/bin/../lib/gcc/arm-none-eabi/13.2.1/thumb/v6-m/nofp\libcr_eabihelpers.a(division_32.o)
 .ARM.attributes
                0x00000518       0x1c C:/nxp/MCUXpressoIDE_24.12.148/ide/plugins/com.nxp.mcuxpresso.tools.win32_24.12.0.202407110909/tools/bin/../lib/gcc/arm-none-eabi/13.2.1/thumb/v6-m/nofp\libcr_eabihelpers.a(division_idiv0.o)
 .ARM.attributes
                0x00000534       0x2c C:/nxp/MCUXpressoIDE_24.12.148/ide/plugins/com.nxp.mcuxpresso.tools.win32_24.12.0.202407110909/tools/bin/../lib/gcc/arm-none-eabi/13.2.1/thumb/v6-m/nofp\libcr_eabihelpers.a(double.o)
 .ARM.attributes
                0x00000560       0x2c C:/nxp/MCUXpressoIDE_24.12.148/ide/plugins/com.nxp.mcuxpresso.tools.win32_24.12.0.202407110909/tools/bin/../lib/gcc/arm-none-eabi/13.2.1/thumb/v6-m/nofp\libcr_eabihelpers.a(float.o)
 .ARM.attributes
                0x0000058c       0x1c C:/nxp/MCUXpressoIDE_24.12.148/ide/plugins/com.nxp.mcuxpresso.tools.win32_24.12.0.202407110909/tools/bin/../lib/gcc/arm-none-eabi/13.2.1/thumb/v6-m/nofp\libcr_eabihelpers.a(llong.o)
 .ARM.attributes
                0x000005a8       0x1c C:/nxp/MCUXpressoIDE_24.12.148/ide/plugins/com.nxp.mcuxpresso.tools.win32_24.12.0.202407110909/tools/bin/../lib/gcc/arm-none-eabi/13.2.1/thumb/v6-m/nofp\libcr_eabihelpers.a(memcpy.o)
 .ARM.attributes
                0x000005c4       0x1c C:/nxp/MCUXpressoIDE_24.12.148/ide/plugins/com.nxp.mcuxpresso.tools.win32_24.12.0.202407110909/tools/bin/../lib/gcc/arm-none-eabi/13.2.1/thumb/v6-m/nofp\libcr_eabihelpers.a(thumb1_switch_helpers.o)

.debug_frame    0x00000000     0x1ba4
 .debug_frame   0x00000000       0x48 ./src/hardware/ADC.o
 .debug_frame   0x00000048       0x58 ./src/hardware/DAC.o
 .debug_frame   0x000000a0       0xf8 ./src/hardware/LCD.o
 .debug_frame   0x00000198       0x8c ./src/hardware/LED.o
 .debug_frame   0x00000224       0xf4 ./src/hardware/RTC.o
 .debug_frame   0x00000318      0x134 ./src/hardware/Serial.o
 .debug_frame   0x0000044c       0x68 ./src/hardware/Teclado.o
 .debug_frame   0x000004b4       0x44 ./src/ctl/event.o
 .debug_frame   0x000004f8       0x48 ./src/ctl/output.o
 .debug_frame   0x00000540       0x48 ./src/ctl/stateMachine.o
 .debug_frame   0x00000588       0x30 ./src/ctl/timer.o
 .debug_frame   0x000005b8      0x178 ./src/ctl/var.o
 .debug_frame   0x00000730       0x64 ./src/I2C.o
 .debug_frame   0x00000794       0xbc ./src/cr_startup_lpc11xx.o
 .debug_frame   0x00000850       0x30 ./src/programa.o
 .debug_frame   0x00000880       0x28 ./src/sysinit.o
 .debug_frame   0x000008a8       0x64 ./src/util.o
 .debug_frame   0x0000090c      0x144 C:\Users\bruno\Documents\LPC11U14\nxp_lpcxpresso_11u14_board_lib\Debug\libnxp_lpcxpresso_11u14_board_lib.a(board_sysinit.o)
 .debug_frame   0x00000a50      0x23c C:\Users\bruno\Documents\LPC11U14\lpc_chip_11uxx_lib\Debug\liblpc_chip_11uxx_lib.a(adc_11xx.o)
 .debug_frame   0x00000c8c       0x2c C:\Users\bruno\Documents\LPC11U14\lpc_chip_11uxx_lib\Debug\liblpc_chip_11uxx_lib.a(chip_11xx.o)
 .debug_frame   0x00000cb8      0x220 C:\Users\bruno\Documents\LPC11U14\lpc_chip_11uxx_lib\Debug\liblpc_chip_11uxx_lib.a(clock_11xx.o)
 .debug_frame   0x00000ed8      0x190 C:\Users\bruno\Documents\LPC11U14\lpc_chip_11uxx_lib\Debug\liblpc_chip_11uxx_lib.a(gpio_11xx_1.o)
 .debug_frame   0x00001068       0x30 C:\Users\bruno\Documents\LPC11U14\lpc_chip_11uxx_lib\Debug\liblpc_chip_11uxx_lib.a(iocon_11xx.o)
 .debug_frame   0x00001098      0x130 C:\Users\bruno\Documents\LPC11U14\lpc_chip_11uxx_lib\Debug\liblpc_chip_11uxx_lib.a(ring_buffer.o)
 .debug_frame   0x000011c8       0x90 C:\Users\bruno\Documents\LPC11U14\lpc_chip_11uxx_lib\Debug\liblpc_chip_11uxx_lib.a(sysctl_11xx.o)
 .debug_frame   0x00001258      0x370 C:\Users\bruno\Documents\LPC11U14\lpc_chip_11uxx_lib\Debug\liblpc_chip_11uxx_lib.a(uart_11xx.o)
 .debug_frame   0x000015c8       0x28 C:/nxp/MCUXpressoIDE_24.12.148/ide/plugins/com.nxp.mcuxpresso.tools.win32_24.12.0.202407110909/tools/bin/../lib/gcc/arm-none-eabi/13.2.1/../../../../arm-none-eabi/lib/thumb/v6-m/nofp\libcr_c.a(memcpy.o)
 .debug_frame   0x000015f0       0x28 C:/nxp/MCUXpressoIDE_24.12.148/ide/plugins/com.nxp.mcuxpresso.tools.win32_24.12.0.202407110909/tools/bin/../lib/gcc/arm-none-eabi/13.2.1/../../../../arm-none-eabi/lib/thumb/v6-m/nofp\libcr_c.a(__weak__main.o)
 .debug_frame   0x00001618       0x28 C:/nxp/MCUXpressoIDE_24.12.148/ide/plugins/com.nxp.mcuxpresso.tools.win32_24.12.0.202407110909/tools/bin/../lib/gcc/arm-none-eabi/13.2.1/../../../../arm-none-eabi/lib/thumb/v6-m/nofp\libcr_c.a(strcmp.o)
 .debug_frame   0x00001640      0x2f4 C:/nxp/MCUXpressoIDE_24.12.148/ide/plugins/com.nxp.mcuxpresso.tools.win32_24.12.0.202407110909/tools/bin/../lib/gcc/arm-none-eabi/13.2.1/thumb/v6-m/nofp\libcr_eabihelpers.a(double.o)
 .debug_frame   0x00001934      0x270 C:/nxp/MCUXpressoIDE_24.12.148/ide/plugins/com.nxp.mcuxpresso.tools.win32_24.12.0.202407110909/tools/bin/../lib/gcc/arm-none-eabi/13.2.1/thumb/v6-m/nofp\libcr_eabihelpers.a(float.o)

.debug_loc      0x00000000     0x8948
 .debug_loc     0x00000000       0x9a ./src/hardware/DAC.o
 .debug_loc     0x0000009a      0x91f ./src/hardware/LCD.o
 .debug_loc     0x000009b9      0x553 ./src/hardware/LED.o
 .debug_loc     0x00000f0c      0x53a ./src/hardware/RTC.o
 .debug_loc     0x00001446      0x5aa ./src/hardware/Serial.o
 .debug_loc     0x000019f0      0x461 ./src/hardware/Teclado.o
 .debug_loc     0x00001e51       0x87 ./src/ctl/event.o
 .debug_loc     0x00001ed8      0x33f ./src/ctl/output.o
 .debug_loc     0x00002217       0x22 ./src/ctl/stateMachine.o
 .debug_loc     0x00002239       0x2c ./src/ctl/timer.o
 .debug_loc     0x00002265      0x17d ./src/ctl/var.o
 .debug_loc     0x000023e2      0x15f ./src/I2C.o
 .debug_loc     0x00002541      0x250 ./src/cr_startup_lpc11xx.o
 .debug_loc     0x00002791      0x17f ./src/programa.o
 .debug_loc     0x00002910      0x26d ./src/util.o
 .debug_loc     0x00002b7d       0x81 C:/nxp/MCUXpressoIDE_24.12.148/ide/plugins/com.nxp.mcuxpresso.tools.win32_24.12.0.202407110909/tools/bin/../lib/gcc/arm-none-eabi/13.2.1/../../../../arm-none-eabi/lib/thumb/v6-m/nofp\libcr_c.a(memcpy.o)
 .debug_loc     0x00002bfe      0x16c C:/nxp/MCUXpressoIDE_24.12.148/ide/plugins/com.nxp.mcuxpresso.tools.win32_24.12.0.202407110909/tools/bin/../lib/gcc/arm-none-eabi/13.2.1/../../../../arm-none-eabi/lib/thumb/v6-m/nofp\libcr_c.a(strcmp.o)
 .debug_loc     0x00002d6a     0x33da C:/nxp/MCUXpressoIDE_24.12.148/ide/plugins/com.nxp.mcuxpresso.tools.win32_24.12.0.202407110909/tools/bin/../lib/gcc/arm-none-eabi/13.2.1/thumb/v6-m/nofp\libcr_eabihelpers.a(double.o)
 .debug_loc     0x00006144     0x2804 C:/nxp/MCUXpressoIDE_24.12.148/ide/plugins/com.nxp.mcuxpresso.tools.win32_24.12.0.202407110909/tools/bin/../lib/gcc/arm-none-eabi/13.2.1/thumb/v6-m/nofp\libcr_eabihelpers.a(float.o)

.debug_macro    0x00000000     0x2d74
 .debug_macro   0x00000000      0x1a1 C:\Users\bruno\Documents\LPC11U14\nxp_lpcxpresso_11u14_board_lib\Debug\libnxp_lpcxpresso_11u14_board_lib.a(board_sysinit.o)
 .debug_macro   0x000001a1      0xaba C:\Users\bruno\Documents\LPC11U14\nxp_lpcxpresso_11u14_board_lib\Debug\libnxp_lpcxpresso_11u14_board_lib.a(board_sysinit.o)
 .debug_macro   0x00000c5b       0x10 C:\Users\bruno\Documents\LPC11U14\nxp_lpcxpresso_11u14_board_lib\Debug\libnxp_lpcxpresso_11u14_board_lib.a(board_sysinit.o)
 .debug_macro   0x00000c6b      0x12e C:\Users\bruno\Documents\LPC11U14\nxp_lpcxpresso_11u14_board_lib\Debug\libnxp_lpcxpresso_11u14_board_lib.a(board_sysinit.o)
 .debug_macro   0x00000d99      0x5b3 C:\Users\bruno\Documents\LPC11U14\nxp_lpcxpresso_11u14_board_lib\Debug\libnxp_lpcxpresso_11u14_board_lib.a(board_sysinit.o)
 .debug_macro   0x0000134c       0x22 C:\Users\bruno\Documents\LPC11U14\nxp_lpcxpresso_11u14_board_lib\Debug\libnxp_lpcxpresso_11u14_board_lib.a(board_sysinit.o)
 .debug_macro   0x0000136e       0x7b C:\Users\bruno\Documents\LPC11U14\nxp_lpcxpresso_11u14_board_lib\Debug\libnxp_lpcxpresso_11u14_board_lib.a(board_sysinit.o)
 .debug_macro   0x000013e9       0x10 C:\Users\bruno\Documents\LPC11U14\nxp_lpcxpresso_11u14_board_lib\Debug\libnxp_lpcxpresso_11u14_board_lib.a(board_sysinit.o)
 .debug_macro   0x000013f9       0x1f C:\Users\bruno\Documents\LPC11U14\nxp_lpcxpresso_11u14_board_lib\Debug\libnxp_lpcxpresso_11u14_board_lib.a(board_sysinit.o)
 .debug_macro   0x00001418       0x3a C:\Users\bruno\Documents\LPC11U14\nxp_lpcxpresso_11u14_board_lib\Debug\libnxp_lpcxpresso_11u14_board_lib.a(board_sysinit.o)
 .debug_macro   0x00001452      0x241 C:\Users\bruno\Documents\LPC11U14\nxp_lpcxpresso_11u14_board_lib\Debug\libnxp_lpcxpresso_11u14_board_lib.a(board_sysinit.o)
 .debug_macro   0x00001693      0x125 C:\Users\bruno\Documents\LPC11U14\nxp_lpcxpresso_11u14_board_lib\Debug\libnxp_lpcxpresso_11u14_board_lib.a(board_sysinit.o)
 .debug_macro   0x000017b8       0x2e C:\Users\bruno\Documents\LPC11U14\nxp_lpcxpresso_11u14_board_lib\Debug\libnxp_lpcxpresso_11u14_board_lib.a(board_sysinit.o)
 .debug_macro   0x000017e6       0xf1 C:\Users\bruno\Documents\LPC11U14\nxp_lpcxpresso_11u14_board_lib\Debug\libnxp_lpcxpresso_11u14_board_lib.a(board_sysinit.o)
 .debug_macro   0x000018d7       0x10 C:\Users\bruno\Documents\LPC11U14\nxp_lpcxpresso_11u14_board_lib\Debug\libnxp_lpcxpresso_11u14_board_lib.a(board_sysinit.o)
 .debug_macro   0x000018e7      0x137 C:\Users\bruno\Documents\LPC11U14\nxp_lpcxpresso_11u14_board_lib\Debug\libnxp_lpcxpresso_11u14_board_lib.a(board_sysinit.o)
 .debug_macro   0x00001a1e       0x4c C:\Users\bruno\Documents\LPC11U14\nxp_lpcxpresso_11u14_board_lib\Debug\libnxp_lpcxpresso_11u14_board_lib.a(board_sysinit.o)
 .debug_macro   0x00001a6a       0x16 C:\Users\bruno\Documents\LPC11U14\nxp_lpcxpresso_11u14_board_lib\Debug\libnxp_lpcxpresso_11u14_board_lib.a(board_sysinit.o)
 .debug_macro   0x00001a80      0x31a C:\Users\bruno\Documents\LPC11U14\nxp_lpcxpresso_11u14_board_lib\Debug\libnxp_lpcxpresso_11u14_board_lib.a(board_sysinit.o)
 .debug_macro   0x00001d9a       0x4f C:\Users\bruno\Documents\LPC11U14\nxp_lpcxpresso_11u14_board_lib\Debug\libnxp_lpcxpresso_11u14_board_lib.a(board_sysinit.o)
 .debug_macro   0x00001de9       0xb8 C:\Users\bruno\Documents\LPC11U14\nxp_lpcxpresso_11u14_board_lib\Debug\libnxp_lpcxpresso_11u14_board_lib.a(board_sysinit.o)
 .debug_macro   0x00001ea1       0x11 C:\Users\bruno\Documents\LPC11U14\nxp_lpcxpresso_11u14_board_lib\Debug\libnxp_lpcxpresso_11u14_board_lib.a(board_sysinit.o)
 .debug_macro   0x00001eb2       0x7c C:\Users\bruno\Documents\LPC11U14\nxp_lpcxpresso_11u14_board_lib\Debug\libnxp_lpcxpresso_11u14_board_lib.a(board_sysinit.o)
 .debug_macro   0x00001f2e       0x1c C:\Users\bruno\Documents\LPC11U14\nxp_lpcxpresso_11u14_board_lib\Debug\libnxp_lpcxpresso_11u14_board_lib.a(board_sysinit.o)
 .debug_macro   0x00001f4a       0x40 C:\Users\bruno\Documents\LPC11U14\nxp_lpcxpresso_11u14_board_lib\Debug\libnxp_lpcxpresso_11u14_board_lib.a(board_sysinit.o)
 .debug_macro   0x00001f8a      0x21c C:\Users\bruno\Documents\LPC11U14\nxp_lpcxpresso_11u14_board_lib\Debug\libnxp_lpcxpresso_11u14_board_lib.a(board_sysinit.o)
 .debug_macro   0x000021a6       0x58 C:\Users\bruno\Documents\LPC11U14\nxp_lpcxpresso_11u14_board_lib\Debug\libnxp_lpcxpresso_11u14_board_lib.a(board_sysinit.o)
 .debug_macro   0x000021fe       0x9a C:\Users\bruno\Documents\LPC11U14\nxp_lpcxpresso_11u14_board_lib\Debug\libnxp_lpcxpresso_11u14_board_lib.a(board_sysinit.o)
 .debug_macro   0x00002298       0x20 C:\Users\bruno\Documents\LPC11U14\nxp_lpcxpresso_11u14_board_lib\Debug\libnxp_lpcxpresso_11u14_board_lib.a(board_sysinit.o)
 .debug_macro   0x000022b8      0x15d C:\Users\bruno\Documents\LPC11U14\lpc_chip_11uxx_lib\Debug\liblpc_chip_11uxx_lib.a(adc_11xx.o)
 .debug_macro   0x00002415      0x15d C:\Users\bruno\Documents\LPC11U14\lpc_chip_11uxx_lib\Debug\liblpc_chip_11uxx_lib.a(chip_11xx.o)
 .debug_macro   0x00002572      0x15d C:\Users\bruno\Documents\LPC11U14\lpc_chip_11uxx_lib\Debug\liblpc_chip_11uxx_lib.a(clock_11xx.o)
 .debug_macro   0x000026cf      0x15d C:\Users\bruno\Documents\LPC11U14\lpc_chip_11uxx_lib\Debug\liblpc_chip_11uxx_lib.a(gpio_11xx_1.o)
 .debug_macro   0x0000282c      0x15d C:\Users\bruno\Documents\LPC11U14\lpc_chip_11uxx_lib\Debug\liblpc_chip_11uxx_lib.a(iocon_11xx.o)
 .debug_macro   0x00002989       0x83 C:\Users\bruno\Documents\LPC11U14\lpc_chip_11uxx_lib\Debug\liblpc_chip_11uxx_lib.a(ring_buffer.o)
 .debug_macro   0x00002a0c       0x74 C:\Users\bruno\Documents\LPC11U14\lpc_chip_11uxx_lib\Debug\liblpc_chip_11uxx_lib.a(ring_buffer.o)
 .debug_macro   0x00002a80       0x10 C:\Users\bruno\Documents\LPC11U14\lpc_chip_11uxx_lib\Debug\liblpc_chip_11uxx_lib.a(ring_buffer.o)
 .debug_macro   0x00002a90      0x187 C:\Users\bruno\Documents\LPC11U14\lpc_chip_11uxx_lib\Debug\liblpc_chip_11uxx_lib.a(sysctl_11xx.o)
 .debug_macro   0x00002c17      0x15d C:\Users\bruno\Documents\LPC11U14\lpc_chip_11uxx_lib\Debug\liblpc_chip_11uxx_lib.a(uart_11xx.o)

Cross Reference Table

Symbol                                            File
ADC_IRQHandler                                    ./src/cr_startup_lpc11xx.o
BOD_IRQHandler                                    ./src/cr_startup_lpc11xx.o
Board_SystemInit                                  C:\Users\bruno\Documents\LPC11U14\nxp_lpcxpresso_11u14_board_lib\Debug\libnxp_lpcxpresso_11u14_board_lib.a(board_sysinit.o)
                                                  ./src/sysinit.o
Chip_ADC_DeInit                                   C:\Users\bruno\Documents\LPC11U14\lpc_chip_11uxx_lib\Debug\liblpc_chip_11uxx_lib.a(adc_11xx.o)
Chip_ADC_EnableChannel                            C:\Users\bruno\Documents\LPC11U14\lpc_chip_11uxx_lib\Debug\liblpc_chip_11uxx_lib.a(adc_11xx.o)
                                                  ./src/hardware/ADC.o
Chip_ADC_Init                                     C:\Users\bruno\Documents\LPC11U14\lpc_chip_11uxx_lib\Debug\liblpc_chip_11uxx_lib.a(adc_11xx.o)
                                                  ./src/hardware/ADC.o
Chip_ADC_Int_SetChannelCmd                        C:\Users\bruno\Documents\LPC11U14\lpc_chip_11uxx_lib\Debug\liblpc_chip_11uxx_lib.a(adc_11xx.o)
Chip_ADC_ReadByte                                 C:\Users\bruno\Documents\LPC11U14\lpc_chip_11uxx_lib\Debug\liblpc_chip_11uxx_lib.a(adc_11xx.o)
Chip_ADC_ReadStatus                               C:\Users\bruno\Documents\LPC11U14\lpc_chip_11uxx_lib\Debug\liblpc_chip_11uxx_lib.a(adc_11xx.o)
                                                  ./src/hardware/ADC.o
Chip_ADC_ReadValue                                C:\Users\bruno\Documents\LPC11U14\lpc_chip_11uxx_lib\Debug\liblpc_chip_11uxx_lib.a(adc_11xx.o)
                                                  ./src/hardware/ADC.o
Chip_ADC_SetBurstCmd                              C:\Users\bruno\Documents\LPC11U14\lpc_chip_11uxx_lib\Debug\liblpc_chip_11uxx_lib.a(adc_11xx.o)
Chip_ADC_SetResolution                            C:\Users\bruno\Documents\LPC11U14\lpc_chip_11uxx_lib\Debug\liblpc_chip_11uxx_lib.a(adc_11xx.o)
                                                  ./src/hardware/ADC.o
Chip_ADC_SetSampleRate                            C:\Users\bruno\Documents\LPC11U14\lpc_chip_11uxx_lib\Debug\liblpc_chip_11uxx_lib.a(adc_11xx.o)
                                                  ./src/hardware/ADC.o
Chip_ADC_SetStartMode                             C:\Users\bruno\Documents\LPC11U14\lpc_chip_11uxx_lib\Debug\liblpc_chip_11uxx_lib.a(adc_11xx.o)
                                                  ./src/hardware/ADC.o
Chip_Clock_GetMainClockRate                       C:\Users\bruno\Documents\LPC11U14\lpc_chip_11uxx_lib\Debug\liblpc_chip_11uxx_lib.a(clock_11xx.o)
                                                  C:\Users\bruno\Documents\LPC11U14\lpc_chip_11uxx_lib\Debug\liblpc_chip_11uxx_lib.a(uart_11xx.o)
Chip_Clock_GetSystemClockRate                     C:\Users\bruno\Documents\LPC11U14\lpc_chip_11uxx_lib\Debug\liblpc_chip_11uxx_lib.a(clock_11xx.o)
                                                  C:\Users\bruno\Documents\LPC11U14\lpc_chip_11uxx_lib\Debug\liblpc_chip_11uxx_lib.a(chip_11xx.o)
                                                  C:\Users\bruno\Documents\LPC11U14\lpc_chip_11uxx_lib\Debug\liblpc_chip_11uxx_lib.a(adc_11xx.o)
Chip_Clock_GetSystemPLLInClockRate                C:\Users\bruno\Documents\LPC11U14\lpc_chip_11uxx_lib\Debug\liblpc_chip_11uxx_lib.a(clock_11xx.o)
Chip_Clock_GetSystemPLLOutClockRate               C:\Users\bruno\Documents\LPC11U14\lpc_chip_11uxx_lib\Debug\liblpc_chip_11uxx_lib.a(clock_11xx.o)
Chip_Clock_GetUSBPLLInClockRate                   C:\Users\bruno\Documents\LPC11U14\lpc_chip_11uxx_lib\Debug\liblpc_chip_11uxx_lib.a(clock_11xx.o)
Chip_Clock_GetUSBPLLOutClockRate                  C:\Users\bruno\Documents\LPC11U14\lpc_chip_11uxx_lib\Debug\liblpc_chip_11uxx_lib.a(clock_11xx.o)
Chip_Clock_GetWDTOSCRate                          C:\Users\bruno\Documents\LPC11U14\lpc_chip_11uxx_lib\Debug\liblpc_chip_11uxx_lib.a(clock_11xx.o)
Chip_Clock_SetCLKOUTSource                        C:\Users\bruno\Documents\LPC11U14\lpc_chip_11uxx_lib\Debug\liblpc_chip_11uxx_lib.a(clock_11xx.o)
Chip_Clock_SetMainClockSource                     C:\Users\bruno\Documents\LPC11U14\lpc_chip_11uxx_lib\Debug\liblpc_chip_11uxx_lib.a(clock_11xx.o)
                                                  C:\Users\bruno\Documents\LPC11U14\nxp_lpcxpresso_11u14_board_lib\Debug\libnxp_lpcxpresso_11u14_board_lib.a(board_sysinit.o)
                                                  ./src/programa.o
Chip_Clock_SetPLLBypass                           C:\Users\bruno\Documents\LPC11U14\lpc_chip_11uxx_lib\Debug\liblpc_chip_11uxx_lib.a(clock_11xx.o)
Chip_Clock_SetSystemPLLSource                     C:\Users\bruno\Documents\LPC11U14\lpc_chip_11uxx_lib\Debug\liblpc_chip_11uxx_lib.a(clock_11xx.o)
                                                  C:\Users\bruno\Documents\LPC11U14\nxp_lpcxpresso_11u14_board_lib\Debug\libnxp_lpcxpresso_11u14_board_lib.a(board_sysinit.o)
                                                  ./src/programa.o
Chip_Clock_SetUSBClockSource                      C:\Users\bruno\Documents\LPC11U14\lpc_chip_11uxx_lib\Debug\liblpc_chip_11uxx_lib.a(clock_11xx.o)
Chip_Clock_SetUSBPLLSource                        C:\Users\bruno\Documents\LPC11U14\lpc_chip_11uxx_lib\Debug\liblpc_chip_11uxx_lib.a(clock_11xx.o)
                                                  C:\Users\bruno\Documents\LPC11U14\nxp_lpcxpresso_11u14_board_lib\Debug\libnxp_lpcxpresso_11u14_board_lib.a(board_sysinit.o)
Chip_GPIO_DeInit                                  C:\Users\bruno\Documents\LPC11U14\lpc_chip_11uxx_lib\Debug\liblpc_chip_11uxx_lib.a(gpio_11xx_1.o)
Chip_GPIO_Init                                    C:\Users\bruno\Documents\LPC11U14\lpc_chip_11uxx_lib\Debug\liblpc_chip_11uxx_lib.a(gpio_11xx_1.o)
Chip_GPIO_SetDir                                  C:\Users\bruno\Documents\LPC11U14\lpc_chip_11uxx_lib\Debug\liblpc_chip_11uxx_lib.a(gpio_11xx_1.o)
Chip_GPIO_SetPinDIR                               C:\Users\bruno\Documents\LPC11U14\lpc_chip_11uxx_lib\Debug\liblpc_chip_11uxx_lib.a(gpio_11xx_1.o)
                                                  ./src/hardware/Teclado.o
                                                  ./src/hardware/LED.o
Chip_GPIO_SetPortDIR                              C:\Users\bruno\Documents\LPC11U14\lpc_chip_11uxx_lib\Debug\liblpc_chip_11uxx_lib.a(gpio_11xx_1.o)
Chip_GPIO_WriteDirBit                             C:\Users\bruno\Documents\LPC11U14\lpc_chip_11uxx_lib\Debug\liblpc_chip_11uxx_lib.a(gpio_11xx_1.o)
Chip_IOCON_PinMuxSet                              C:\Users\bruno\Documents\LPC11U14\lpc_chip_11uxx_lib\Debug\liblpc_chip_11uxx_lib.a(iocon_11xx.o)
                                                  C:\Users\bruno\Documents\LPC11U14\nxp_lpcxpresso_11u14_board_lib\Debug\libnxp_lpcxpresso_11u14_board_lib.a(board_sysinit.o)
                                                  ./src/I2C.o
                                                  ./src/hardware/Serial.o
                                                  ./src/hardware/ADC.o
Chip_SYSCTL_PowerDown                             C:\Users\bruno\Documents\LPC11U14\lpc_chip_11uxx_lib\Debug\liblpc_chip_11uxx_lib.a(sysctl_11xx.o)
                                                  C:\Users\bruno\Documents\LPC11U14\lpc_chip_11uxx_lib\Debug\liblpc_chip_11uxx_lib.a(adc_11xx.o)
                                                  C:\Users\bruno\Documents\LPC11U14\nxp_lpcxpresso_11u14_board_lib\Debug\libnxp_lpcxpresso_11u14_board_lib.a(board_sysinit.o)
Chip_SYSCTL_PowerUp                               C:\Users\bruno\Documents\LPC11U14\lpc_chip_11uxx_lib\Debug\liblpc_chip_11uxx_lib.a(sysctl_11xx.o)
                                                  C:\Users\bruno\Documents\LPC11U14\lpc_chip_11uxx_lib\Debug\liblpc_chip_11uxx_lib.a(adc_11xx.o)
                                                  C:\Users\bruno\Documents\LPC11U14\nxp_lpcxpresso_11u14_board_lib\Debug\libnxp_lpcxpresso_11u14_board_lib.a(board_sysinit.o)
                                                  ./src/programa.o
Chip_SYSCTL_SetDeepSleepPD                        C:\Users\bruno\Documents\LPC11U14\lpc_chip_11uxx_lib\Debug\liblpc_chip_11uxx_lib.a(sysctl_11xx.o)
Chip_SYSCTL_SetWakeup                             C:\Users\bruno\Documents\LPC11U14\lpc_chip_11uxx_lib\Debug\liblpc_chip_11uxx_lib.a(sysctl_11xx.o)
Chip_UART_DeInit                                  C:\Users\bruno\Documents\LPC11U14\lpc_chip_11uxx_lib\Debug\liblpc_chip_11uxx_lib.a(uart_11xx.o)
                                                  ./src/hardware/Serial.o
Chip_UART_IRQRBHandler                            C:\Users\bruno\Documents\LPC11U14\lpc_chip_11uxx_lib\Debug\liblpc_chip_11uxx_lib.a(uart_11xx.o)
                                                  ./src/hardware/Serial.o
Chip_UART_Init                                    C:\Users\bruno\Documents\LPC11U14\lpc_chip_11uxx_lib\Debug\liblpc_chip_11uxx_lib.a(uart_11xx.o)
Chip_UART_RXIntHandlerRB                          C:\Users\bruno\Documents\LPC11U14\lpc_chip_11uxx_lib\Debug\liblpc_chip_11uxx_lib.a(uart_11xx.o)
Chip_UART_Read                                    C:\Users\bruno\Documents\LPC11U14\lpc_chip_11uxx_lib\Debug\liblpc_chip_11uxx_lib.a(uart_11xx.o)
Chip_UART_ReadBlocking                            C:\Users\bruno\Documents\LPC11U14\lpc_chip_11uxx_lib\Debug\liblpc_chip_11uxx_lib.a(uart_11xx.o)
Chip_UART_ReadRB                                  C:\Users\bruno\Documents\LPC11U14\lpc_chip_11uxx_lib\Debug\liblpc_chip_11uxx_lib.a(uart_11xx.o)
                                                  ./src/hardware/Serial.o
Chip_UART_Send                                    C:\Users\bruno\Documents\LPC11U14\lpc_chip_11uxx_lib\Debug\liblpc_chip_11uxx_lib.a(uart_11xx.o)
Chip_UART_SendBlocking                            C:\Users\bruno\Documents\LPC11U14\lpc_chip_11uxx_lib\Debug\liblpc_chip_11uxx_lib.a(uart_11xx.o)
Chip_UART_SendRB                                  C:\Users\bruno\Documents\LPC11U14\lpc_chip_11uxx_lib\Debug\liblpc_chip_11uxx_lib.a(uart_11xx.o)